--------------------------------------------------------------------------------
Release 14.7 Trace  (lin64)
Copyright (c) 1995-2013 Xilinx, Inc.  All rights reserved.

/opt/Xilinx/14.7/ISE_DS/ISE/bin/lin64/unwrapped/trce -intstyle ise -v 3 -s 3 -n
3 -fastpaths -xml SD81.twx SD81.ncd -o SD81.twr SD81.pcf -ucf SD81XC6.ucf

Design file:              SD81.ncd
Physical constraint file: SD81.pcf
Device,package,speed:     xc6slx9,tqg144,C,-3 (PRODUCTION 1.23 2013-10-13)
Report level:             verbose report

Environment Variable      Effect 
--------------------      ------ 
NONE                      No environment variables were set
--------------------------------------------------------------------------------

INFO:Timing:3412 - To improve timing, see the Timing Closure User Guide (UG612).
INFO:Timing:2752 - To get complete path coverage, use the unconstrained paths 
   option. All paths that are not constrained will be reported in the 
   unconstrained paths section(s) of the report.
INFO:Timing:3339 - The clock-to-out numbers in this timing report are based on 
   a 50 Ohm transmission line loading model.  For the details of this model, 
   and for more information on accounting for different loading conditions, 
   please see the device datasheet.

================================================================================
Timing constraint: TS_nCLOCK = PERIOD TIMEGRP "nCLOCK" 307.692 ns HIGH 50%;
For more information, see Period Analysis in the Timing Closure User Guide (UG612).

 45523 paths analyzed, 3498 endpoints analyzed, 0 failing endpoints
 0 timing errors detected. (0 setup errors, 0 hold errors, 0 component switching limit errors)
 Minimum period is  80.000ns.
--------------------------------------------------------------------------------

Paths for end point FRAMES_14 (SLICE_X5Y47.CE), 7 paths
--------------------------------------------------------------------------------
Slack (setup path):     31.730ns (requirement - (data path - clock path skew + uncertainty))
  Source:               line_cnt_6 (FF)
  Destination:          FRAMES_14 (FF)
  Requirement:          38.462ns
  Data Path Delay:      4.019ns (Levels of Logic = 3)
  Clock Path Skew:      -1.864ns (1.455 - 3.319)
  Source Clock:         system_clk rising at 269.230ns
  Destination Clock:    nCLOCK_IBUFG_BUFG rising at 307.692ns
  Clock Uncertainty:    0.849ns

  Clock Uncertainty:          0.849ns  ((TSJ^2 + TIJ^2)^1/2 + DJ) / 2 + PE
    Total System Jitter (TSJ):  0.070ns
    Total Input Jitter (TIJ):   0.000ns
    Discrete Jitter (DJ):       1.326ns
    Phase Error (PE):           0.150ns

  Maximum Data Path at Slow Process Corner: line_cnt_6 to FRAMES_14
    Location             Delay type         Delay(ns)  Physical Resource
                                                       Logical Resource(s)
    -------------------------------------------------  -------------------
    SLICE_X9Y46.CQ       Tcko                  0.391   line_cnt<7>
                                                       line_cnt_6
    SLICE_X6Y43.A1       net (fanout=9)        1.126   line_cnt<6>
    SLICE_X6Y43.AMUX     Tilo                  0.251   scr_row<4>
                                                       old_vsync2_sfast_mode_en_AND_668_o_SW0
    SLICE_X7Y43.C3       net (fanout=1)        0.479   N32
    SLICE_X7Y43.C        Tilo                  0.259   _n4947_inv
                                                       old_vsync2_sfast_mode_en_AND_668_o
    SLICE_X7Y43.D5       net (fanout=17)       0.217   old_vsync2_sfast_mode_en_AND_668_o
    SLICE_X7Y43.D        Tilo                  0.259   _n4947_inv
                                                       _n4947_inv1
    SLICE_X5Y47.CE       net (fanout=4)        0.697   _n4947_inv
    SLICE_X5Y47.CLK      Tceck                 0.340   FRAMES<15>
                                                       FRAMES_14
    -------------------------------------------------  ---------------------------
    Total                                      4.019ns (1.500ns logic, 2.519ns route)
                                                       (37.3% logic, 62.7% route)

--------------------------------------------------------------------------------
Slack (setup path):     32.528ns (requirement - (data path - clock path skew + uncertainty))
  Source:               line_cnt_5 (FF)
  Destination:          FRAMES_14 (FF)
  Requirement:          38.462ns
  Data Path Delay:      3.221ns (Levels of Logic = 2)
  Clock Path Skew:      -1.864ns (1.455 - 3.319)
  Source Clock:         system_clk rising at 269.230ns
  Destination Clock:    nCLOCK_IBUFG_BUFG rising at 307.692ns
  Clock Uncertainty:    0.849ns

  Clock Uncertainty:          0.849ns  ((TSJ^2 + TIJ^2)^1/2 + DJ) / 2 + PE
    Total System Jitter (TSJ):  0.070ns
    Total Input Jitter (TIJ):   0.000ns
    Discrete Jitter (DJ):       1.326ns
    Phase Error (PE):           0.150ns

  Maximum Data Path at Slow Process Corner: line_cnt_5 to FRAMES_14
    Location             Delay type         Delay(ns)  Physical Resource
                                                       Logical Resource(s)
    -------------------------------------------------  -------------------
    SLICE_X9Y46.BQ       Tcko                  0.391   line_cnt<7>
                                                       line_cnt_5
    SLICE_X7Y43.C2       net (fanout=7)        1.058   line_cnt<5>
    SLICE_X7Y43.C        Tilo                  0.259   _n4947_inv
                                                       old_vsync2_sfast_mode_en_AND_668_o
    SLICE_X7Y43.D5       net (fanout=17)       0.217   old_vsync2_sfast_mode_en_AND_668_o
    SLICE_X7Y43.D        Tilo                  0.259   _n4947_inv
                                                       _n4947_inv1
    SLICE_X5Y47.CE       net (fanout=4)        0.697   _n4947_inv
    SLICE_X5Y47.CLK      Tceck                 0.340   FRAMES<15>
                                                       FRAMES_14
    -------------------------------------------------  ---------------------------
    Total                                      3.221ns (1.249ns logic, 1.972ns route)
                                                       (38.8% logic, 61.2% route)

--------------------------------------------------------------------------------
Slack (setup path):     32.536ns (requirement - (data path - clock path skew + uncertainty))
  Source:               line_cnt_4 (FF)
  Destination:          FRAMES_14 (FF)
  Requirement:          38.462ns
  Data Path Delay:      3.213ns (Levels of Logic = 2)
  Clock Path Skew:      -1.864ns (1.455 - 3.319)
  Source Clock:         system_clk rising at 269.230ns
  Destination Clock:    nCLOCK_IBUFG_BUFG rising at 307.692ns
  Clock Uncertainty:    0.849ns

  Clock Uncertainty:          0.849ns  ((TSJ^2 + TIJ^2)^1/2 + DJ) / 2 + PE
    Total System Jitter (TSJ):  0.070ns
    Total Input Jitter (TIJ):   0.000ns
    Discrete Jitter (DJ):       1.326ns
    Phase Error (PE):           0.150ns

  Maximum Data Path at Slow Process Corner: line_cnt_4 to FRAMES_14
    Location             Delay type         Delay(ns)  Physical Resource
                                                       Logical Resource(s)
    -------------------------------------------------  -------------------
    SLICE_X9Y46.AQ       Tcko                  0.391   line_cnt<7>
                                                       line_cnt_4
    SLICE_X7Y43.C1       net (fanout=8)        1.050   line_cnt<4>
    SLICE_X7Y43.C        Tilo                  0.259   _n4947_inv
                                                       old_vsync2_sfast_mode_en_AND_668_o
    SLICE_X7Y43.D5       net (fanout=17)       0.217   old_vsync2_sfast_mode_en_AND_668_o
    SLICE_X7Y43.D        Tilo                  0.259   _n4947_inv
                                                       _n4947_inv1
    SLICE_X5Y47.CE       net (fanout=4)        0.697   _n4947_inv
    SLICE_X5Y47.CLK      Tceck                 0.340   FRAMES<15>
                                                       FRAMES_14
    -------------------------------------------------  ---------------------------
    Total                                      3.213ns (1.249ns logic, 1.964ns route)
                                                       (38.9% logic, 61.1% route)

--------------------------------------------------------------------------------

Paths for end point FRAMES_13 (SLICE_X5Y47.CE), 7 paths
--------------------------------------------------------------------------------
Slack (setup path):     31.746ns (requirement - (data path - clock path skew + uncertainty))
  Source:               line_cnt_6 (FF)
  Destination:          FRAMES_13 (FF)
  Requirement:          38.462ns
  Data Path Delay:      4.003ns (Levels of Logic = 3)
  Clock Path Skew:      -1.864ns (1.455 - 3.319)
  Source Clock:         system_clk rising at 269.230ns
  Destination Clock:    nCLOCK_IBUFG_BUFG rising at 307.692ns
  Clock Uncertainty:    0.849ns

  Clock Uncertainty:          0.849ns  ((TSJ^2 + TIJ^2)^1/2 + DJ) / 2 + PE
    Total System Jitter (TSJ):  0.070ns
    Total Input Jitter (TIJ):   0.000ns
    Discrete Jitter (DJ):       1.326ns
    Phase Error (PE):           0.150ns

  Maximum Data Path at Slow Process Corner: line_cnt_6 to FRAMES_13
    Location             Delay type         Delay(ns)  Physical Resource
                                                       Logical Resource(s)
    -------------------------------------------------  -------------------
    SLICE_X9Y46.CQ       Tcko                  0.391   line_cnt<7>
                                                       line_cnt_6
    SLICE_X6Y43.A1       net (fanout=9)        1.126   line_cnt<6>
    SLICE_X6Y43.AMUX     Tilo                  0.251   scr_row<4>
                                                       old_vsync2_sfast_mode_en_AND_668_o_SW0
    SLICE_X7Y43.C3       net (fanout=1)        0.479   N32
    SLICE_X7Y43.C        Tilo                  0.259   _n4947_inv
                                                       old_vsync2_sfast_mode_en_AND_668_o
    SLICE_X7Y43.D5       net (fanout=17)       0.217   old_vsync2_sfast_mode_en_AND_668_o
    SLICE_X7Y43.D        Tilo                  0.259   _n4947_inv
                                                       _n4947_inv1
    SLICE_X5Y47.CE       net (fanout=4)        0.697   _n4947_inv
    SLICE_X5Y47.CLK      Tceck                 0.324   FRAMES<15>
                                                       FRAMES_13
    -------------------------------------------------  ---------------------------
    Total                                      4.003ns (1.484ns logic, 2.519ns route)
                                                       (37.1% logic, 62.9% route)

--------------------------------------------------------------------------------
Slack (setup path):     32.544ns (requirement - (data path - clock path skew + uncertainty))
  Source:               line_cnt_5 (FF)
  Destination:          FRAMES_13 (FF)
  Requirement:          38.462ns
  Data Path Delay:      3.205ns (Levels of Logic = 2)
  Clock Path Skew:      -1.864ns (1.455 - 3.319)
  Source Clock:         system_clk rising at 269.230ns
  Destination Clock:    nCLOCK_IBUFG_BUFG rising at 307.692ns
  Clock Uncertainty:    0.849ns

  Clock Uncertainty:          0.849ns  ((TSJ^2 + TIJ^2)^1/2 + DJ) / 2 + PE
    Total System Jitter (TSJ):  0.070ns
    Total Input Jitter (TIJ):   0.000ns
    Discrete Jitter (DJ):       1.326ns
    Phase Error (PE):           0.150ns

  Maximum Data Path at Slow Process Corner: line_cnt_5 to FRAMES_13
    Location             Delay type         Delay(ns)  Physical Resource
                                                       Logical Resource(s)
    -------------------------------------------------  -------------------
    SLICE_X9Y46.BQ       Tcko                  0.391   line_cnt<7>
                                                       line_cnt_5
    SLICE_X7Y43.C2       net (fanout=7)        1.058   line_cnt<5>
    SLICE_X7Y43.C        Tilo                  0.259   _n4947_inv
                                                       old_vsync2_sfast_mode_en_AND_668_o
    SLICE_X7Y43.D5       net (fanout=17)       0.217   old_vsync2_sfast_mode_en_AND_668_o
    SLICE_X7Y43.D        Tilo                  0.259   _n4947_inv
                                                       _n4947_inv1
    SLICE_X5Y47.CE       net (fanout=4)        0.697   _n4947_inv
    SLICE_X5Y47.CLK      Tceck                 0.324   FRAMES<15>
                                                       FRAMES_13
    -------------------------------------------------  ---------------------------
    Total                                      3.205ns (1.233ns logic, 1.972ns route)
                                                       (38.5% logic, 61.5% route)

--------------------------------------------------------------------------------
Slack (setup path):     32.552ns (requirement - (data path - clock path skew + uncertainty))
  Source:               line_cnt_4 (FF)
  Destination:          FRAMES_13 (FF)
  Requirement:          38.462ns
  Data Path Delay:      3.197ns (Levels of Logic = 2)
  Clock Path Skew:      -1.864ns (1.455 - 3.319)
  Source Clock:         system_clk rising at 269.230ns
  Destination Clock:    nCLOCK_IBUFG_BUFG rising at 307.692ns
  Clock Uncertainty:    0.849ns

  Clock Uncertainty:          0.849ns  ((TSJ^2 + TIJ^2)^1/2 + DJ) / 2 + PE
    Total System Jitter (TSJ):  0.070ns
    Total Input Jitter (TIJ):   0.000ns
    Discrete Jitter (DJ):       1.326ns
    Phase Error (PE):           0.150ns

  Maximum Data Path at Slow Process Corner: line_cnt_4 to FRAMES_13
    Location             Delay type         Delay(ns)  Physical Resource
                                                       Logical Resource(s)
    -------------------------------------------------  -------------------
    SLICE_X9Y46.AQ       Tcko                  0.391   line_cnt<7>
                                                       line_cnt_4
    SLICE_X7Y43.C1       net (fanout=8)        1.050   line_cnt<4>
    SLICE_X7Y43.C        Tilo                  0.259   _n4947_inv
                                                       old_vsync2_sfast_mode_en_AND_668_o
    SLICE_X7Y43.D5       net (fanout=17)       0.217   old_vsync2_sfast_mode_en_AND_668_o
    SLICE_X7Y43.D        Tilo                  0.259   _n4947_inv
                                                       _n4947_inv1
    SLICE_X5Y47.CE       net (fanout=4)        0.697   _n4947_inv
    SLICE_X5Y47.CLK      Tceck                 0.324   FRAMES<15>
                                                       FRAMES_13
    -------------------------------------------------  ---------------------------
    Total                                      3.197ns (1.233ns logic, 1.964ns route)
                                                       (38.6% logic, 61.4% route)

--------------------------------------------------------------------------------

Paths for end point FRAMES_15 (SLICE_X5Y47.CE), 7 paths
--------------------------------------------------------------------------------
Slack (setup path):     31.754ns (requirement - (data path - clock path skew + uncertainty))
  Source:               line_cnt_6 (FF)
  Destination:          FRAMES_15 (FF)
  Requirement:          38.462ns
  Data Path Delay:      3.995ns (Levels of Logic = 3)
  Clock Path Skew:      -1.864ns (1.455 - 3.319)
  Source Clock:         system_clk rising at 269.230ns
  Destination Clock:    nCLOCK_IBUFG_BUFG rising at 307.692ns
  Clock Uncertainty:    0.849ns

  Clock Uncertainty:          0.849ns  ((TSJ^2 + TIJ^2)^1/2 + DJ) / 2 + PE
    Total System Jitter (TSJ):  0.070ns
    Total Input Jitter (TIJ):   0.000ns
    Discrete Jitter (DJ):       1.326ns
    Phase Error (PE):           0.150ns

  Maximum Data Path at Slow Process Corner: line_cnt_6 to FRAMES_15
    Location             Delay type         Delay(ns)  Physical Resource
                                                       Logical Resource(s)
    -------------------------------------------------  -------------------
    SLICE_X9Y46.CQ       Tcko                  0.391   line_cnt<7>
                                                       line_cnt_6
    SLICE_X6Y43.A1       net (fanout=9)        1.126   line_cnt<6>
    SLICE_X6Y43.AMUX     Tilo                  0.251   scr_row<4>
                                                       old_vsync2_sfast_mode_en_AND_668_o_SW0
    SLICE_X7Y43.C3       net (fanout=1)        0.479   N32
    SLICE_X7Y43.C        Tilo                  0.259   _n4947_inv
                                                       old_vsync2_sfast_mode_en_AND_668_o
    SLICE_X7Y43.D5       net (fanout=17)       0.217   old_vsync2_sfast_mode_en_AND_668_o
    SLICE_X7Y43.D        Tilo                  0.259   _n4947_inv
                                                       _n4947_inv1
    SLICE_X5Y47.CE       net (fanout=4)        0.697   _n4947_inv
    SLICE_X5Y47.CLK      Tceck                 0.316   FRAMES<15>
                                                       FRAMES_15
    -------------------------------------------------  ---------------------------
    Total                                      3.995ns (1.476ns logic, 2.519ns route)
                                                       (36.9% logic, 63.1% route)

--------------------------------------------------------------------------------
Slack (setup path):     32.552ns (requirement - (data path - clock path skew + uncertainty))
  Source:               line_cnt_5 (FF)
  Destination:          FRAMES_15 (FF)
  Requirement:          38.462ns
  Data Path Delay:      3.197ns (Levels of Logic = 2)
  Clock Path Skew:      -1.864ns (1.455 - 3.319)
  Source Clock:         system_clk rising at 269.230ns
  Destination Clock:    nCLOCK_IBUFG_BUFG rising at 307.692ns
  Clock Uncertainty:    0.849ns

  Clock Uncertainty:          0.849ns  ((TSJ^2 + TIJ^2)^1/2 + DJ) / 2 + PE
    Total System Jitter (TSJ):  0.070ns
    Total Input Jitter (TIJ):   0.000ns
    Discrete Jitter (DJ):       1.326ns
    Phase Error (PE):           0.150ns

  Maximum Data Path at Slow Process Corner: line_cnt_5 to FRAMES_15
    Location             Delay type         Delay(ns)  Physical Resource
                                                       Logical Resource(s)
    -------------------------------------------------  -------------------
    SLICE_X9Y46.BQ       Tcko                  0.391   line_cnt<7>
                                                       line_cnt_5
    SLICE_X7Y43.C2       net (fanout=7)        1.058   line_cnt<5>
    SLICE_X7Y43.C        Tilo                  0.259   _n4947_inv
                                                       old_vsync2_sfast_mode_en_AND_668_o
    SLICE_X7Y43.D5       net (fanout=17)       0.217   old_vsync2_sfast_mode_en_AND_668_o
    SLICE_X7Y43.D        Tilo                  0.259   _n4947_inv
                                                       _n4947_inv1
    SLICE_X5Y47.CE       net (fanout=4)        0.697   _n4947_inv
    SLICE_X5Y47.CLK      Tceck                 0.316   FRAMES<15>
                                                       FRAMES_15
    -------------------------------------------------  ---------------------------
    Total                                      3.197ns (1.225ns logic, 1.972ns route)
                                                       (38.3% logic, 61.7% route)

--------------------------------------------------------------------------------
Slack (setup path):     32.560ns (requirement - (data path - clock path skew + uncertainty))
  Source:               line_cnt_4 (FF)
  Destination:          FRAMES_15 (FF)
  Requirement:          38.462ns
  Data Path Delay:      3.189ns (Levels of Logic = 2)
  Clock Path Skew:      -1.864ns (1.455 - 3.319)
  Source Clock:         system_clk rising at 269.230ns
  Destination Clock:    nCLOCK_IBUFG_BUFG rising at 307.692ns
  Clock Uncertainty:    0.849ns

  Clock Uncertainty:          0.849ns  ((TSJ^2 + TIJ^2)^1/2 + DJ) / 2 + PE
    Total System Jitter (TSJ):  0.070ns
    Total Input Jitter (TIJ):   0.000ns
    Discrete Jitter (DJ):       1.326ns
    Phase Error (PE):           0.150ns

  Maximum Data Path at Slow Process Corner: line_cnt_4 to FRAMES_15
    Location             Delay type         Delay(ns)  Physical Resource
                                                       Logical Resource(s)
    -------------------------------------------------  -------------------
    SLICE_X9Y46.AQ       Tcko                  0.391   line_cnt<7>
                                                       line_cnt_4
    SLICE_X7Y43.C1       net (fanout=8)        1.050   line_cnt<4>
    SLICE_X7Y43.C        Tilo                  0.259   _n4947_inv
                                                       old_vsync2_sfast_mode_en_AND_668_o
    SLICE_X7Y43.D5       net (fanout=17)       0.217   old_vsync2_sfast_mode_en_AND_668_o
    SLICE_X7Y43.D        Tilo                  0.259   _n4947_inv
                                                       _n4947_inv1
    SLICE_X5Y47.CE       net (fanout=4)        0.697   _n4947_inv
    SLICE_X5Y47.CLK      Tceck                 0.316   FRAMES<15>
                                                       FRAMES_15
    -------------------------------------------------  ---------------------------
    Total                                      3.189ns (1.225ns logic, 1.964ns route)
                                                       (38.4% logic, 61.6% route)

--------------------------------------------------------------------------------

Hold Paths: TS_nCLOCK = PERIOD TIMEGRP "nCLOCK" 307.692 ns HIGH 50%;
--------------------------------------------------------------------------------

Paths for end point debug_rdy_delayed_3 (SLICE_X6Y39.DX), 1 path
--------------------------------------------------------------------------------
Slack (hold path):      0.385ns (requirement - (clock path skew + uncertainty - data path))
  Source:               debug_rdy_delayed_2 (FF)
  Destination:          debug_rdy_delayed_3 (FF)
  Requirement:          0.000ns
  Data Path Delay:      0.385ns (Levels of Logic = 0)
  Clock Path Skew:      0.000ns
  Source Clock:         nCLOCK_IBUFG_BUFG rising at 307.692ns
  Destination Clock:    nCLOCK_IBUFG_BUFG rising at 307.692ns
  Clock Uncertainty:    0.000ns

  Minimum Data Path at Fast Process Corner: debug_rdy_delayed_2 to debug_rdy_delayed_3
    Location             Delay type         Delay(ns)  Physical Resource
                                                       Logical Resource(s)
    -------------------------------------------------  -------------------
    SLICE_X6Y39.CQ       Tcko                  0.200   debug_rdy_delayed<3>
                                                       debug_rdy_delayed_2
    SLICE_X6Y39.DX       net (fanout=2)        0.137   debug_rdy_delayed<2>
    SLICE_X6Y39.CLK      Tckdi       (-Th)    -0.048   debug_rdy_delayed<3>
                                                       debug_rdy_delayed_3
    -------------------------------------------------  ---------------------------
    Total                                      0.385ns (0.248ns logic, 0.137ns route)
                                                       (64.4% logic, 35.6% route)

--------------------------------------------------------------------------------

Paths for end point debug_rdy_delayed_1 (SLICE_X6Y39.BX), 1 path
--------------------------------------------------------------------------------
Slack (hold path):      0.394ns (requirement - (clock path skew + uncertainty - data path))
  Source:               debug_rdy_delayed_0 (FF)
  Destination:          debug_rdy_delayed_1 (FF)
  Requirement:          0.000ns
  Data Path Delay:      0.394ns (Levels of Logic = 0)
  Clock Path Skew:      0.000ns
  Source Clock:         nCLOCK_IBUFG_BUFG rising at 307.692ns
  Destination Clock:    nCLOCK_IBUFG_BUFG rising at 307.692ns
  Clock Uncertainty:    0.000ns

  Minimum Data Path at Fast Process Corner: debug_rdy_delayed_0 to debug_rdy_delayed_1
    Location             Delay type         Delay(ns)  Physical Resource
                                                       Logical Resource(s)
    -------------------------------------------------  -------------------
    SLICE_X6Y39.AQ       Tcko                  0.200   debug_rdy_delayed<3>
                                                       debug_rdy_delayed_0
    SLICE_X6Y39.BX       net (fanout=2)        0.146   debug_rdy_delayed<0>
    SLICE_X6Y39.CLK      Tckdi       (-Th)    -0.048   debug_rdy_delayed<3>
                                                       debug_rdy_delayed_1
    -------------------------------------------------  ---------------------------
    Total                                      0.394ns (0.248ns logic, 0.146ns route)
                                                       (62.9% logic, 37.1% route)

--------------------------------------------------------------------------------

Paths for end point trace_325 (SLICE_X2Y3.A6), 1 path
--------------------------------------------------------------------------------
Slack (hold path):      0.407ns (requirement - (clock path skew + uncertainty - data path))
  Source:               trace_325 (FF)
  Destination:          trace_325 (FF)
  Requirement:          0.000ns
  Data Path Delay:      0.407ns (Levels of Logic = 1)
  Clock Path Skew:      0.000ns
  Source Clock:         nCLOCK_IBUFG_BUFG rising at 307.692ns
  Destination Clock:    nCLOCK_IBUFG_BUFG rising at 307.692ns
  Clock Uncertainty:    0.000ns

  Minimum Data Path at Fast Process Corner: trace_325 to trace_325
    Location             Delay type         Delay(ns)  Physical Resource
                                                       Logical Resource(s)
    -------------------------------------------------  -------------------
    SLICE_X2Y3.AQ        Tcko                  0.200   trace_326
                                                       trace_325
    SLICE_X2Y3.A6        net (fanout=1)        0.017   trace_325
    SLICE_X2Y3.CLK       Tah         (-Th)    -0.190   trace_326
                                                       trace[0][7]_trace[0][7]_mux_467_OUT<203>3
                                                       trace_325
    -------------------------------------------------  ---------------------------
    Total                                      0.407ns (0.390ns logic, 0.017ns route)
                                                       (95.8% logic, 4.2% route)

--------------------------------------------------------------------------------

Component Switching Limit Checks: TS_nCLOCK = PERIOD TIMEGRP "nCLOCK" 307.692 ns HIGH 50%;
--------------------------------------------------------------------------------
Slack: 74.253ns (period - min period limit)
  Period: 76.923ns
  Min period limit: 2.670ns (374.532MHz) (Tdcmper_CLKFX)
  Physical resource: dcm_booster_inst/CLKFX
  Logical resource: dcm_booster_inst/CLKFX
  Location pin: DCM_X0Y2.CLKFX
  Clock network: clk_intermediate_13mhz
--------------------------------------------------------------------------------
Slack: 123.077ns (max period limit - period)
  Period: 76.923ns
  Max period limit: 200.000ns (5.000MHz) (Tdcmper_CLKFX)
  Physical resource: dcm_booster_inst/CLKFX
  Logical resource: dcm_booster_inst/CLKFX
  Location pin: DCM_X0Y2.CLKFX
  Clock network: clk_intermediate_13mhz
--------------------------------------------------------------------------------
Slack: 227.692ns (period - (min low pulse limit / (low pulse / period)))
  Period: 307.692ns
  Low pulse: 153.846ns
  Low pulse limit: 40.000ns (Tdcmpw_CLKIN_1_10)
  Physical resource: dcm_booster_inst/CLKIN
  Logical resource: dcm_booster_inst/CLKIN
  Location pin: DCM_X0Y2.CLKIN
  Clock network: dcm_booster_inst_ML_NEW_DIVCLK
--------------------------------------------------------------------------------

================================================================================
Timing constraint: TS_clk_intermediate_13mhz = PERIOD TIMEGRP 
"clk_intermediate_13mhz" TS_nCLOCK         / 4 HIGH 50%;
For more information, see Period Analysis in the Timing Closure User Guide (UG612).

 0 paths analyzed, 0 endpoints analyzed, 0 failing endpoints
 0 timing errors detected. (0 component switching limit errors)
 Minimum period is  32.000ns.
--------------------------------------------------------------------------------

Component Switching Limit Checks: TS_clk_intermediate_13mhz = PERIOD TIMEGRP "clk_intermediate_13mhz" TS_nCLOCK
        / 4 HIGH 50%;
--------------------------------------------------------------------------------
Slack: 35.791ns (period - min period limit)
  Period: 38.462ns
  Min period limit: 2.670ns (374.532MHz) (Tdcmper_CLKOUT)
  Physical resource: dcm_final_inst/dcm_sp_inst/CLK2X
  Logical resource: dcm_final_inst/dcm_sp_inst/CLK2X
  Location pin: DCM_X0Y1.CLK2X
  Clock network: dcm_final_inst/clk2x
--------------------------------------------------------------------------------
Slack: 44.923ns (period - (min low pulse limit / (low pulse / period)))
  Period: 76.923ns
  Low pulse: 38.461ns
  Low pulse limit: 16.000ns (Tdcmpw_CLKIN_10_25)
  Physical resource: dcm_final_inst/dcm_sp_inst/CLKIN
  Logical resource: dcm_final_inst/dcm_sp_inst/CLKIN
  Location pin: DCM_X0Y1.CLKIN
  Clock network: clk_intermediate_13mhz_BUFG
--------------------------------------------------------------------------------
Slack: 44.923ns (period - (min high pulse limit / (high pulse / period)))
  Period: 76.923ns
  High pulse: 38.461ns
  High pulse limit: 16.000ns (Tdcmpw_CLKIN_10_25)
  Physical resource: dcm_final_inst/dcm_sp_inst/CLKIN
  Logical resource: dcm_final_inst/dcm_sp_inst/CLKIN
  Location pin: DCM_X0Y1.CLKIN
  Clock network: clk_intermediate_13mhz_BUFG
--------------------------------------------------------------------------------

================================================================================
Timing constraint: TS_dcm_final_inst_clk2x = PERIOD TIMEGRP 
"dcm_final_inst_clk2x"         TS_clk_intermediate_13mhz / 2 HIGH 50%;
For more information, see Period Analysis in the Timing Closure User Guide (UG612).

 2733 paths analyzed, 1592 endpoints analyzed, 0 failing endpoints
 0 timing errors detected. (0 setup errors, 0 hold errors, 0 component switching limit errors)
 Minimum period is   8.785ns.
--------------------------------------------------------------------------------

Paths for end point shadowram/U0/xst_blk_mem_generator/gnativebmg.native_blk_mem_gen/valid.cstr/ramloop[16].ram.r/s6_noinit.ram/TRUE_DP.PRIM18.ram (RAMB16_X1Y0.ADDRA9), 1 path
--------------------------------------------------------------------------------
Slack (setup path):     29.676ns (requirement - (data path - clock path skew + uncertainty))
  Source:               char_latch_7 (FF)
  Destination:          shadowram/U0/xst_blk_mem_generator/gnativebmg.native_blk_mem_gen/valid.cstr/ramloop[16].ram.r/s6_noinit.ram/TRUE_DP.PRIM18.ram (RAM)
  Requirement:          38.461ns
  Data Path Delay:      8.069ns (Levels of Logic = 1)
  Clock Path Skew:      -0.017ns (0.668 - 0.685)
  Source Clock:         system_clk rising at 0.000ns
  Destination Clock:    system_clk rising at 38.461ns
  Clock Uncertainty:    0.699ns

  Clock Uncertainty:          0.699ns  ((TSJ^2 + TIJ^2)^1/2 + DJ) / 2 + PE
    Total System Jitter (TSJ):  0.070ns
    Total Input Jitter (TIJ):   0.000ns
    Discrete Jitter (DJ):       1.326ns
    Phase Error (PE):           0.000ns

  Maximum Data Path at Slow Process Corner: char_latch_7 to shadowram/U0/xst_blk_mem_generator/gnativebmg.native_blk_mem_gen/valid.cstr/ramloop[16].ram.r/s6_noinit.ram/TRUE_DP.PRIM18.ram
    Location             Delay type         Delay(ns)  Physical Resource
                                                       Logical Resource(s)
    -------------------------------------------------  -------------------
    SLICE_X18Y53.DQ      Tcko                  0.408   char_latch<7>
                                                       char_latch_7
    SLICE_X18Y53.A2      net (fanout=10)       0.578   char_latch<7>
    SLICE_X18Y53.A       Tilo                  0.205   char_latch<7>
                                                       Mmux_shadowram_addr161
    RAMB16_X1Y0.ADDRA9   net (fanout=32)       6.528   shadowram_addr<9>
    RAMB16_X1Y0.CLKA     Trcck_ADDRA           0.350   shadowram/U0/xst_blk_mem_generator/gnativebmg.native_blk_mem_gen/valid.cstr/ramloop[16].ram.r/s6_noinit.ram/TRUE_DP.PRIM18.ram
                                                       shadowram/U0/xst_blk_mem_generator/gnativebmg.native_blk_mem_gen/valid.cstr/ramloop[16].ram.r/s6_noinit.ram/TRUE_DP.PRIM18.ram
    -------------------------------------------------  ---------------------------
    Total                                      8.069ns (0.963ns logic, 7.106ns route)
                                                       (11.9% logic, 88.1% route)

--------------------------------------------------------------------------------

Paths for end point shadowram/U0/xst_blk_mem_generator/gnativebmg.native_blk_mem_gen/valid.cstr/ramloop[29].ram.r/s6_noinit.ram/TRUE_DP.PRIM18.ram (RAMB16_X0Y0.ADDRA9), 1 path
--------------------------------------------------------------------------------
Slack (setup path):     29.912ns (requirement - (data path - clock path skew + uncertainty))
  Source:               char_latch_7 (FF)
  Destination:          shadowram/U0/xst_blk_mem_generator/gnativebmg.native_blk_mem_gen/valid.cstr/ramloop[29].ram.r/s6_noinit.ram/TRUE_DP.PRIM18.ram (RAM)
  Requirement:          38.461ns
  Data Path Delay:      7.876ns (Levels of Logic = 1)
  Clock Path Skew:      0.026ns (0.711 - 0.685)
  Source Clock:         system_clk rising at 0.000ns
  Destination Clock:    system_clk rising at 38.461ns
  Clock Uncertainty:    0.699ns

  Clock Uncertainty:          0.699ns  ((TSJ^2 + TIJ^2)^1/2 + DJ) / 2 + PE
    Total System Jitter (TSJ):  0.070ns
    Total Input Jitter (TIJ):   0.000ns
    Discrete Jitter (DJ):       1.326ns
    Phase Error (PE):           0.000ns

  Maximum Data Path at Slow Process Corner: char_latch_7 to shadowram/U0/xst_blk_mem_generator/gnativebmg.native_blk_mem_gen/valid.cstr/ramloop[29].ram.r/s6_noinit.ram/TRUE_DP.PRIM18.ram
    Location             Delay type         Delay(ns)  Physical Resource
                                                       Logical Resource(s)
    -------------------------------------------------  -------------------
    SLICE_X18Y53.DQ      Tcko                  0.408   char_latch<7>
                                                       char_latch_7
    SLICE_X18Y53.A2      net (fanout=10)       0.578   char_latch<7>
    SLICE_X18Y53.A       Tilo                  0.205   char_latch<7>
                                                       Mmux_shadowram_addr161
    RAMB16_X0Y0.ADDRA9   net (fanout=32)       6.335   shadowram_addr<9>
    RAMB16_X0Y0.CLKA     Trcck_ADDRA           0.350   shadowram/U0/xst_blk_mem_generator/gnativebmg.native_blk_mem_gen/valid.cstr/ramloop[29].ram.r/s6_noinit.ram/TRUE_DP.PRIM18.ram
                                                       shadowram/U0/xst_blk_mem_generator/gnativebmg.native_blk_mem_gen/valid.cstr/ramloop[29].ram.r/s6_noinit.ram/TRUE_DP.PRIM18.ram
    -------------------------------------------------  ---------------------------
    Total                                      7.876ns (0.963ns logic, 6.913ns route)
                                                       (12.2% logic, 87.8% route)

--------------------------------------------------------------------------------

Paths for end point shadowram/U0/xst_blk_mem_generator/gnativebmg.native_blk_mem_gen/valid.cstr/ramloop[28].ram.r/s6_noinit.ram/TRUE_DP.PRIM18.ram (RAMB16_X1Y2.ADDRA9), 1 path
--------------------------------------------------------------------------------
Slack (setup path):     30.136ns (requirement - (data path - clock path skew + uncertainty))
  Source:               char_latch_7 (FF)
  Destination:          shadowram/U0/xst_blk_mem_generator/gnativebmg.native_blk_mem_gen/valid.cstr/ramloop[28].ram.r/s6_noinit.ram/TRUE_DP.PRIM18.ram (RAM)
  Requirement:          38.461ns
  Data Path Delay:      7.602ns (Levels of Logic = 1)
  Clock Path Skew:      -0.024ns (0.661 - 0.685)
  Source Clock:         system_clk rising at 0.000ns
  Destination Clock:    system_clk rising at 38.461ns
  Clock Uncertainty:    0.699ns

  Clock Uncertainty:          0.699ns  ((TSJ^2 + TIJ^2)^1/2 + DJ) / 2 + PE
    Total System Jitter (TSJ):  0.070ns
    Total Input Jitter (TIJ):   0.000ns
    Discrete Jitter (DJ):       1.326ns
    Phase Error (PE):           0.000ns

  Maximum Data Path at Slow Process Corner: char_latch_7 to shadowram/U0/xst_blk_mem_generator/gnativebmg.native_blk_mem_gen/valid.cstr/ramloop[28].ram.r/s6_noinit.ram/TRUE_DP.PRIM18.ram
    Location             Delay type         Delay(ns)  Physical Resource
                                                       Logical Resource(s)
    -------------------------------------------------  -------------------
    SLICE_X18Y53.DQ      Tcko                  0.408   char_latch<7>
                                                       char_latch_7
    SLICE_X18Y53.A2      net (fanout=10)       0.578   char_latch<7>
    SLICE_X18Y53.A       Tilo                  0.205   char_latch<7>
                                                       Mmux_shadowram_addr161
    RAMB16_X1Y2.ADDRA9   net (fanout=32)       6.061   shadowram_addr<9>
    RAMB16_X1Y2.CLKA     Trcck_ADDRA           0.350   shadowram/U0/xst_blk_mem_generator/gnativebmg.native_blk_mem_gen/valid.cstr/ramloop[28].ram.r/s6_noinit.ram/TRUE_DP.PRIM18.ram
                                                       shadowram/U0/xst_blk_mem_generator/gnativebmg.native_blk_mem_gen/valid.cstr/ramloop[28].ram.r/s6_noinit.ram/TRUE_DP.PRIM18.ram
    -------------------------------------------------  ---------------------------
    Total                                      7.602ns (0.963ns logic, 6.639ns route)
                                                       (12.7% logic, 87.3% route)

--------------------------------------------------------------------------------

Hold Paths: TS_dcm_final_inst_clk2x = PERIOD TIMEGRP "dcm_final_inst_clk2x"
        TS_clk_intermediate_13mhz / 2 HIGH 50%;
--------------------------------------------------------------------------------

Paths for end point aychips[0].ay/envelope_period_3 (SLICE_X2Y54.D6), 1 path
--------------------------------------------------------------------------------
Slack (hold path):      0.411ns (requirement - (clock path skew + uncertainty - data path))
  Source:               aychips[0].ay/envelope_period_3 (FF)
  Destination:          aychips[0].ay/envelope_period_3 (FF)
  Requirement:          0.000ns
  Data Path Delay:      0.411ns (Levels of Logic = 1)
  Clock Path Skew:      0.000ns
  Source Clock:         system_clk rising at 0.000ns
  Destination Clock:    system_clk rising at 0.000ns
  Clock Uncertainty:    0.000ns

  Minimum Data Path at Fast Process Corner: aychips[0].ay/envelope_period_3 to aychips[0].ay/envelope_period_3
    Location             Delay type         Delay(ns)  Physical Resource
                                                       Logical Resource(s)
    -------------------------------------------------  -------------------
    SLICE_X2Y54.DQ       Tcko                  0.200   aychips[0].ay/envelope_period<3>
                                                       aychips[0].ay/envelope_period_3
    SLICE_X2Y54.D6       net (fanout=2)        0.021   aychips[0].ay/envelope_period<3>
    SLICE_X2Y54.CLK      Tah         (-Th)    -0.190   aychips[0].ay/envelope_period<3>
                                                       aychips[0].ay/envelope_period_3_dpot
                                                       aychips[0].ay/envelope_period_3
    -------------------------------------------------  ---------------------------
    Total                                      0.411ns (0.390ns logic, 0.021ns route)
                                                       (94.9% logic, 5.1% route)

--------------------------------------------------------------------------------

Paths for end point aychips[1].ay/enable_chan_0 (SLICE_X14Y62.A6), 1 path
--------------------------------------------------------------------------------
Slack (hold path):      0.412ns (requirement - (clock path skew + uncertainty - data path))
  Source:               aychips[1].ay/enable_chan_0 (FF)
  Destination:          aychips[1].ay/enable_chan_0 (FF)
  Requirement:          0.000ns
  Data Path Delay:      0.412ns (Levels of Logic = 1)
  Clock Path Skew:      0.000ns
  Source Clock:         system_clk rising at 0.000ns
  Destination Clock:    system_clk rising at 0.000ns
  Clock Uncertainty:    0.000ns

  Minimum Data Path at Fast Process Corner: aychips[1].ay/enable_chan_0 to aychips[1].ay/enable_chan_0
    Location             Delay type         Delay(ns)  Physical Resource
                                                       Logical Resource(s)
    -------------------------------------------------  -------------------
    SLICE_X14Y62.AQ      Tcko                  0.200   aychips[1].ay/enable_chan<3>
                                                       aychips[1].ay/enable_chan_0
    SLICE_X14Y62.A6      net (fanout=2)        0.022   aychips[1].ay/enable_chan<0>
    SLICE_X14Y62.CLK     Tah         (-Th)    -0.190   aychips[1].ay/enable_chan<3>
                                                       aychips[1].ay/enable_chan_0_dpot
                                                       aychips[1].ay/enable_chan_0
    -------------------------------------------------  ---------------------------
    Total                                      0.412ns (0.390ns logic, 0.022ns route)
                                                       (94.7% logic, 5.3% route)

--------------------------------------------------------------------------------

Paths for end point aychips[1].ay/reg_port_a_3 (SLICE_X18Y60.A6), 1 path
--------------------------------------------------------------------------------
Slack (hold path):      0.412ns (requirement - (clock path skew + uncertainty - data path))
  Source:               aychips[1].ay/reg_port_a_3 (FF)
  Destination:          aychips[1].ay/reg_port_a_3 (FF)
  Requirement:          0.000ns
  Data Path Delay:      0.412ns (Levels of Logic = 1)
  Clock Path Skew:      0.000ns
  Source Clock:         system_clk rising at 0.000ns
  Destination Clock:    system_clk rising at 0.000ns
  Clock Uncertainty:    0.000ns

  Minimum Data Path at Fast Process Corner: aychips[1].ay/reg_port_a_3 to aychips[1].ay/reg_port_a_3
    Location             Delay type         Delay(ns)  Physical Resource
                                                       Logical Resource(s)
    -------------------------------------------------  -------------------
    SLICE_X18Y60.AQ      Tcko                  0.200   aychips[1].ay/reg_port_a<6>
                                                       aychips[1].ay/reg_port_a_3
    SLICE_X18Y60.A6      net (fanout=2)        0.022   aychips[1].ay/reg_port_a<3>
    SLICE_X18Y60.CLK     Tah         (-Th)    -0.190   aychips[1].ay/reg_port_a<6>
                                                       aychips[1].ay/reg_port_a_3_dpot
                                                       aychips[1].ay/reg_port_a_3
    -------------------------------------------------  ---------------------------
    Total                                      0.412ns (0.390ns logic, 0.022ns route)
                                                       (94.7% logic, 5.3% route)

--------------------------------------------------------------------------------

Component Switching Limit Checks: TS_dcm_final_inst_clk2x = PERIOD TIMEGRP "dcm_final_inst_clk2x"
        TS_clk_intermediate_13mhz / 2 HIGH 50%;
--------------------------------------------------------------------------------
Slack: 35.337ns (period - min period limit)
  Period: 38.461ns
  Min period limit: 3.124ns (320.102MHz) (Trper_CLKA(Fmax))
  Physical resource: shadowram/U0/xst_blk_mem_generator/gnativebmg.native_blk_mem_gen/valid.cstr/ramloop[0].ram.r/s6_noinit.ram/TRUE_DP.PRIM18.ram/CLKA
  Logical resource: shadowram/U0/xst_blk_mem_generator/gnativebmg.native_blk_mem_gen/valid.cstr/ramloop[0].ram.r/s6_noinit.ram/TRUE_DP.PRIM18.ram/CLKA
  Location pin: RAMB16_X0Y22.CLKA
  Clock network: system_clk
--------------------------------------------------------------------------------
Slack: 35.337ns (period - min period limit)
  Period: 38.461ns
  Min period limit: 3.124ns (320.102MHz) (Trper_CLKB(Fmax))
  Physical resource: shadowram/U0/xst_blk_mem_generator/gnativebmg.native_blk_mem_gen/valid.cstr/ramloop[0].ram.r/s6_noinit.ram/TRUE_DP.PRIM18.ram/CLKB
  Logical resource: shadowram/U0/xst_blk_mem_generator/gnativebmg.native_blk_mem_gen/valid.cstr/ramloop[0].ram.r/s6_noinit.ram/TRUE_DP.PRIM18.ram/CLKB
  Location pin: RAMB16_X0Y22.CLKB
  Clock network: system_clk
--------------------------------------------------------------------------------
Slack: 35.337ns (period - min period limit)
  Period: 38.461ns
  Min period limit: 3.124ns (320.102MHz) (Trper_CLKA(Fmax))
  Physical resource: shadowram/U0/xst_blk_mem_generator/gnativebmg.native_blk_mem_gen/valid.cstr/ramloop[1].ram.r/s6_noinit.ram/TRUE_DP.PRIM18.ram/CLKA
  Logical resource: shadowram/U0/xst_blk_mem_generator/gnativebmg.native_blk_mem_gen/valid.cstr/ramloop[1].ram.r/s6_noinit.ram/TRUE_DP.PRIM18.ram/CLKA
  Location pin: RAMB16_X0Y16.CLKA
  Clock network: system_clk
--------------------------------------------------------------------------------


Derived Constraint Report
Derived Constraints for TS_nCLOCK
+-------------------------------+-------------+-------------+-------------+-------------+-------------+-------------+-------------+
|                               |   Period    |       Actual Period       |      Timing Errors        |      Paths Analyzed       |
|           Constraint          | Requirement |-------------+-------------|-------------+-------------|-------------+-------------|
|                               |             |   Direct    | Derivative  |   Direct    | Derivative  |   Direct    | Derivative  |
+-------------------------------+-------------+-------------+-------------+-------------+-------------+-------------+-------------+
|TS_nCLOCK                      |    307.692ns|     80.000ns|    128.000ns|            0|            0|        45523|         2733|
| TS_clk_intermediate_13mhz     |     76.923ns|     32.000ns|     17.570ns|            0|            0|            0|         2733|
|  TS_dcm_final_inst_clk2x      |     38.462ns|      8.785ns|          N/A|            0|            0|         2733|            0|
+-------------------------------+-------------+-------------+-------------+-------------+-------------+-------------+-------------+

All constraints were met.


Data Sheet report:
-----------------
All values displayed in nanoseconds (ns)

Clock to Setup on destination clock nCLOCK
---------------+---------+---------+---------+---------+
               | Src:Rise| Src:Fall| Src:Rise| Src:Fall|
Source Clock   |Dest:Rise|Dest:Rise|Dest:Fall|Dest:Fall|
---------------+---------+---------+---------+---------+
nCLOCK         |   15.100|         |         |         |
---------------+---------+---------+---------+---------+


Timing summary:
---------------

Timing errors: 0  Score: 0  (Setup/Max: 0, Hold: 0)

Constraints cover 48256 paths, 0 nets, and 10168 connections

Design statistics:
   Minimum period:  80.000ns{1}   (Maximum frequency:  12.500MHz)


------------------------------------Footnotes-----------------------------------
1)  The minimum period statistic assumes all single cycle delays.

Analysis completed Mon Oct 13 18:05:37 2025 
--------------------------------------------------------------------------------

Trace Settings:
-------------------------
Trace Settings 

Peak Memory Usage: 442 MB



