--------------------------------------------------------------------------------
Release 14.7 Trace  (lin64)
Copyright (c) 1995-2013 Xilinx, Inc.  All rights reserved.

/opt/Xilinx/14.7/ISE_DS/ISE/bin/lin64/unwrapped/trce -intstyle ise -v 3 -s 3 -n
3 -fastpaths -xml SD81.twx SD81.ncd -o SD81.twr SD81.pcf -ucf SD81XC6.ucf

Design file:              SD81.ncd
Physical constraint file: SD81.pcf
Device,package,speed:     xc6slx9,tqg144,C,-3 (PRODUCTION 1.23 2013-10-13)
Report level:             verbose report

Environment Variable      Effect 
--------------------      ------ 
NONE                      No environment variables were set
--------------------------------------------------------------------------------

INFO:Timing:3412 - To improve timing, see the Timing Closure User Guide (UG612).
INFO:Timing:2752 - To get complete path coverage, use the unconstrained paths 
   option. All paths that are not constrained will be reported in the 
   unconstrained paths section(s) of the report.
INFO:Timing:3339 - The clock-to-out numbers in this timing report are based on 
   a 50 Ohm transmission line loading model.  For the details of this model, 
   and for more information on accounting for different loading conditions, 
   please see the device datasheet.

================================================================================
Timing constraint: TS_nCLOCK = PERIOD TIMEGRP "nCLOCK" 307.692 ns HIGH 50%;
For more information, see Period Analysis in the Timing Closure User Guide (UG612).

 20282 paths analyzed, 3524 endpoints analyzed, 0 failing endpoints
 0 timing errors detected. (0 setup errors, 0 hold errors, 0 component switching limit errors)
 Minimum period is  80.000ns.
--------------------------------------------------------------------------------

Paths for end point FRAMES_14 (SLICE_X5Y49.CE), 7 paths
--------------------------------------------------------------------------------
Slack (setup path):     30.857ns (requirement - (data path - clock path skew + uncertainty))
  Source:               line_cnt_6 (FF)
  Destination:          FRAMES_14 (FF)
  Requirement:          38.462ns
  Data Path Delay:      4.949ns (Levels of Logic = 3)
  Clock Path Skew:      -1.807ns (1.516 - 3.323)
  Source Clock:         system_clk rising at 269.230ns
  Destination Clock:    nCLOCK_IBUFG_BUFG rising at 307.692ns
  Clock Uncertainty:    0.849ns

  Clock Uncertainty:          0.849ns  ((TSJ^2 + TIJ^2)^1/2 + DJ) / 2 + PE
    Total System Jitter (TSJ):  0.070ns
    Total Input Jitter (TIJ):   0.000ns
    Discrete Jitter (DJ):       1.326ns
    Phase Error (PE):           0.150ns

  Maximum Data Path at Slow Process Corner: line_cnt_6 to FRAMES_14
    Location             Delay type         Delay(ns)  Physical Resource
                                                       Logical Resource(s)
    -------------------------------------------------  -------------------
    SLICE_X1Y39.CQ       Tcko                  0.391   line_cnt<7>
                                                       line_cnt_6
    SLICE_X8Y39.A4       net (fanout=9)        1.314   line_cnt<6>
    SLICE_X8Y39.AMUX     Tilo                  0.261   scr_row<4>
                                                       old_vsync2_sfast_mode_en_AND_666_o_SW0
    SLICE_X6Y41.C4       net (fanout=1)        0.861   N1520
    SLICE_X6Y41.C        Tilo                  0.205   _n3897_inv
                                                       old_vsync2_sfast_mode_en_AND_666_o
    SLICE_X6Y41.D5       net (fanout=17)       0.212   old_vsync2_sfast_mode_en_AND_666_o
    SLICE_X6Y41.D        Tilo                  0.205   _n3897_inv
                                                       _n3897_inv1
    SLICE_X5Y49.CE       net (fanout=4)        1.160   _n3897_inv
    SLICE_X5Y49.CLK      Tceck                 0.340   FRAMES<15>
                                                       FRAMES_14
    -------------------------------------------------  ---------------------------
    Total                                      4.949ns (1.402ns logic, 3.547ns route)
                                                       (28.3% logic, 71.7% route)

--------------------------------------------------------------------------------
Slack (setup path):     31.794ns (requirement - (data path - clock path skew + uncertainty))
  Source:               line_cnt_4 (FF)
  Destination:          FRAMES_14 (FF)
  Requirement:          38.462ns
  Data Path Delay:      4.012ns (Levels of Logic = 2)
  Clock Path Skew:      -1.807ns (1.516 - 3.323)
  Source Clock:         system_clk rising at 269.230ns
  Destination Clock:    nCLOCK_IBUFG_BUFG rising at 307.692ns
  Clock Uncertainty:    0.849ns

  Clock Uncertainty:          0.849ns  ((TSJ^2 + TIJ^2)^1/2 + DJ) / 2 + PE
    Total System Jitter (TSJ):  0.070ns
    Total Input Jitter (TIJ):   0.000ns
    Discrete Jitter (DJ):       1.326ns
    Phase Error (PE):           0.150ns

  Maximum Data Path at Slow Process Corner: line_cnt_4 to FRAMES_14
    Location             Delay type         Delay(ns)  Physical Resource
                                                       Logical Resource(s)
    -------------------------------------------------  -------------------
    SLICE_X1Y39.AQ       Tcko                  0.391   line_cnt<7>
                                                       line_cnt_4
    SLICE_X6Y41.C1       net (fanout=8)        1.499   line_cnt<4>
    SLICE_X6Y41.C        Tilo                  0.205   _n3897_inv
                                                       old_vsync2_sfast_mode_en_AND_666_o
    SLICE_X6Y41.D5       net (fanout=17)       0.212   old_vsync2_sfast_mode_en_AND_666_o
    SLICE_X6Y41.D        Tilo                  0.205   _n3897_inv
                                                       _n3897_inv1
    SLICE_X5Y49.CE       net (fanout=4)        1.160   _n3897_inv
    SLICE_X5Y49.CLK      Tceck                 0.340   FRAMES<15>
                                                       FRAMES_14
    -------------------------------------------------  ---------------------------
    Total                                      4.012ns (1.141ns logic, 2.871ns route)
                                                       (28.4% logic, 71.6% route)

--------------------------------------------------------------------------------
Slack (setup path):     31.850ns (requirement - (data path - clock path skew + uncertainty))
  Source:               line_cnt_5 (FF)
  Destination:          FRAMES_14 (FF)
  Requirement:          38.462ns
  Data Path Delay:      3.956ns (Levels of Logic = 2)
  Clock Path Skew:      -1.807ns (1.516 - 3.323)
  Source Clock:         system_clk rising at 269.230ns
  Destination Clock:    nCLOCK_IBUFG_BUFG rising at 307.692ns
  Clock Uncertainty:    0.849ns

  Clock Uncertainty:          0.849ns  ((TSJ^2 + TIJ^2)^1/2 + DJ) / 2 + PE
    Total System Jitter (TSJ):  0.070ns
    Total Input Jitter (TIJ):   0.000ns
    Discrete Jitter (DJ):       1.326ns
    Phase Error (PE):           0.150ns

  Maximum Data Path at Slow Process Corner: line_cnt_5 to FRAMES_14
    Location             Delay type         Delay(ns)  Physical Resource
                                                       Logical Resource(s)
    -------------------------------------------------  -------------------
    SLICE_X1Y39.BQ       Tcko                  0.391   line_cnt<7>
                                                       line_cnt_5
    SLICE_X6Y41.C3       net (fanout=7)        1.443   line_cnt<5>
    SLICE_X6Y41.C        Tilo                  0.205   _n3897_inv
                                                       old_vsync2_sfast_mode_en_AND_666_o
    SLICE_X6Y41.D5       net (fanout=17)       0.212   old_vsync2_sfast_mode_en_AND_666_o
    SLICE_X6Y41.D        Tilo                  0.205   _n3897_inv
                                                       _n3897_inv1
    SLICE_X5Y49.CE       net (fanout=4)        1.160   _n3897_inv
    SLICE_X5Y49.CLK      Tceck                 0.340   FRAMES<15>
                                                       FRAMES_14
    -------------------------------------------------  ---------------------------
    Total                                      3.956ns (1.141ns logic, 2.815ns route)
                                                       (28.8% logic, 71.2% route)

--------------------------------------------------------------------------------

Paths for end point FRAMES_13 (SLICE_X5Y49.CE), 7 paths
--------------------------------------------------------------------------------
Slack (setup path):     30.873ns (requirement - (data path - clock path skew + uncertainty))
  Source:               line_cnt_6 (FF)
  Destination:          FRAMES_13 (FF)
  Requirement:          38.462ns
  Data Path Delay:      4.933ns (Levels of Logic = 3)
  Clock Path Skew:      -1.807ns (1.516 - 3.323)
  Source Clock:         system_clk rising at 269.230ns
  Destination Clock:    nCLOCK_IBUFG_BUFG rising at 307.692ns
  Clock Uncertainty:    0.849ns

  Clock Uncertainty:          0.849ns  ((TSJ^2 + TIJ^2)^1/2 + DJ) / 2 + PE
    Total System Jitter (TSJ):  0.070ns
    Total Input Jitter (TIJ):   0.000ns
    Discrete Jitter (DJ):       1.326ns
    Phase Error (PE):           0.150ns

  Maximum Data Path at Slow Process Corner: line_cnt_6 to FRAMES_13
    Location             Delay type         Delay(ns)  Physical Resource
                                                       Logical Resource(s)
    -------------------------------------------------  -------------------
    SLICE_X1Y39.CQ       Tcko                  0.391   line_cnt<7>
                                                       line_cnt_6
    SLICE_X8Y39.A4       net (fanout=9)        1.314   line_cnt<6>
    SLICE_X8Y39.AMUX     Tilo                  0.261   scr_row<4>
                                                       old_vsync2_sfast_mode_en_AND_666_o_SW0
    SLICE_X6Y41.C4       net (fanout=1)        0.861   N1520
    SLICE_X6Y41.C        Tilo                  0.205   _n3897_inv
                                                       old_vsync2_sfast_mode_en_AND_666_o
    SLICE_X6Y41.D5       net (fanout=17)       0.212   old_vsync2_sfast_mode_en_AND_666_o
    SLICE_X6Y41.D        Tilo                  0.205   _n3897_inv
                                                       _n3897_inv1
    SLICE_X5Y49.CE       net (fanout=4)        1.160   _n3897_inv
    SLICE_X5Y49.CLK      Tceck                 0.324   FRAMES<15>
                                                       FRAMES_13
    -------------------------------------------------  ---------------------------
    Total                                      4.933ns (1.386ns logic, 3.547ns route)
                                                       (28.1% logic, 71.9% route)

--------------------------------------------------------------------------------
Slack (setup path):     31.810ns (requirement - (data path - clock path skew + uncertainty))
  Source:               line_cnt_4 (FF)
  Destination:          FRAMES_13 (FF)
  Requirement:          38.462ns
  Data Path Delay:      3.996ns (Levels of Logic = 2)
  Clock Path Skew:      -1.807ns (1.516 - 3.323)
  Source Clock:         system_clk rising at 269.230ns
  Destination Clock:    nCLOCK_IBUFG_BUFG rising at 307.692ns
  Clock Uncertainty:    0.849ns

  Clock Uncertainty:          0.849ns  ((TSJ^2 + TIJ^2)^1/2 + DJ) / 2 + PE
    Total System Jitter (TSJ):  0.070ns
    Total Input Jitter (TIJ):   0.000ns
    Discrete Jitter (DJ):       1.326ns
    Phase Error (PE):           0.150ns

  Maximum Data Path at Slow Process Corner: line_cnt_4 to FRAMES_13
    Location             Delay type         Delay(ns)  Physical Resource
                                                       Logical Resource(s)
    -------------------------------------------------  -------------------
    SLICE_X1Y39.AQ       Tcko                  0.391   line_cnt<7>
                                                       line_cnt_4
    SLICE_X6Y41.C1       net (fanout=8)        1.499   line_cnt<4>
    SLICE_X6Y41.C        Tilo                  0.205   _n3897_inv
                                                       old_vsync2_sfast_mode_en_AND_666_o
    SLICE_X6Y41.D5       net (fanout=17)       0.212   old_vsync2_sfast_mode_en_AND_666_o
    SLICE_X6Y41.D        Tilo                  0.205   _n3897_inv
                                                       _n3897_inv1
    SLICE_X5Y49.CE       net (fanout=4)        1.160   _n3897_inv
    SLICE_X5Y49.CLK      Tceck                 0.324   FRAMES<15>
                                                       FRAMES_13
    -------------------------------------------------  ---------------------------
    Total                                      3.996ns (1.125ns logic, 2.871ns route)
                                                       (28.2% logic, 71.8% route)

--------------------------------------------------------------------------------
Slack (setup path):     31.866ns (requirement - (data path - clock path skew + uncertainty))
  Source:               line_cnt_5 (FF)
  Destination:          FRAMES_13 (FF)
  Requirement:          38.462ns
  Data Path Delay:      3.940ns (Levels of Logic = 2)
  Clock Path Skew:      -1.807ns (1.516 - 3.323)
  Source Clock:         system_clk rising at 269.230ns
  Destination Clock:    nCLOCK_IBUFG_BUFG rising at 307.692ns
  Clock Uncertainty:    0.849ns

  Clock Uncertainty:          0.849ns  ((TSJ^2 + TIJ^2)^1/2 + DJ) / 2 + PE
    Total System Jitter (TSJ):  0.070ns
    Total Input Jitter (TIJ):   0.000ns
    Discrete Jitter (DJ):       1.326ns
    Phase Error (PE):           0.150ns

  Maximum Data Path at Slow Process Corner: line_cnt_5 to FRAMES_13
    Location             Delay type         Delay(ns)  Physical Resource
                                                       Logical Resource(s)
    -------------------------------------------------  -------------------
    SLICE_X1Y39.BQ       Tcko                  0.391   line_cnt<7>
                                                       line_cnt_5
    SLICE_X6Y41.C3       net (fanout=7)        1.443   line_cnt<5>
    SLICE_X6Y41.C        Tilo                  0.205   _n3897_inv
                                                       old_vsync2_sfast_mode_en_AND_666_o
    SLICE_X6Y41.D5       net (fanout=17)       0.212   old_vsync2_sfast_mode_en_AND_666_o
    SLICE_X6Y41.D        Tilo                  0.205   _n3897_inv
                                                       _n3897_inv1
    SLICE_X5Y49.CE       net (fanout=4)        1.160   _n3897_inv
    SLICE_X5Y49.CLK      Tceck                 0.324   FRAMES<15>
                                                       FRAMES_13
    -------------------------------------------------  ---------------------------
    Total                                      3.940ns (1.125ns logic, 2.815ns route)
                                                       (28.6% logic, 71.4% route)

--------------------------------------------------------------------------------

Paths for end point FRAMES_15 (SLICE_X5Y49.CE), 7 paths
--------------------------------------------------------------------------------
Slack (setup path):     30.881ns (requirement - (data path - clock path skew + uncertainty))
  Source:               line_cnt_6 (FF)
  Destination:          FRAMES_15 (FF)
  Requirement:          38.462ns
  Data Path Delay:      4.925ns (Levels of Logic = 3)
  Clock Path Skew:      -1.807ns (1.516 - 3.323)
  Source Clock:         system_clk rising at 269.230ns
  Destination Clock:    nCLOCK_IBUFG_BUFG rising at 307.692ns
  Clock Uncertainty:    0.849ns

  Clock Uncertainty:          0.849ns  ((TSJ^2 + TIJ^2)^1/2 + DJ) / 2 + PE
    Total System Jitter (TSJ):  0.070ns
    Total Input Jitter (TIJ):   0.000ns
    Discrete Jitter (DJ):       1.326ns
    Phase Error (PE):           0.150ns

  Maximum Data Path at Slow Process Corner: line_cnt_6 to FRAMES_15
    Location             Delay type         Delay(ns)  Physical Resource
                                                       Logical Resource(s)
    -------------------------------------------------  -------------------
    SLICE_X1Y39.CQ       Tcko                  0.391   line_cnt<7>
                                                       line_cnt_6
    SLICE_X8Y39.A4       net (fanout=9)        1.314   line_cnt<6>
    SLICE_X8Y39.AMUX     Tilo                  0.261   scr_row<4>
                                                       old_vsync2_sfast_mode_en_AND_666_o_SW0
    SLICE_X6Y41.C4       net (fanout=1)        0.861   N1520
    SLICE_X6Y41.C        Tilo                  0.205   _n3897_inv
                                                       old_vsync2_sfast_mode_en_AND_666_o
    SLICE_X6Y41.D5       net (fanout=17)       0.212   old_vsync2_sfast_mode_en_AND_666_o
    SLICE_X6Y41.D        Tilo                  0.205   _n3897_inv
                                                       _n3897_inv1
    SLICE_X5Y49.CE       net (fanout=4)        1.160   _n3897_inv
    SLICE_X5Y49.CLK      Tceck                 0.316   FRAMES<15>
                                                       FRAMES_15
    -------------------------------------------------  ---------------------------
    Total                                      4.925ns (1.378ns logic, 3.547ns route)
                                                       (28.0% logic, 72.0% route)

--------------------------------------------------------------------------------
Slack (setup path):     31.818ns (requirement - (data path - clock path skew + uncertainty))
  Source:               line_cnt_4 (FF)
  Destination:          FRAMES_15 (FF)
  Requirement:          38.462ns
  Data Path Delay:      3.988ns (Levels of Logic = 2)
  Clock Path Skew:      -1.807ns (1.516 - 3.323)
  Source Clock:         system_clk rising at 269.230ns
  Destination Clock:    nCLOCK_IBUFG_BUFG rising at 307.692ns
  Clock Uncertainty:    0.849ns

  Clock Uncertainty:          0.849ns  ((TSJ^2 + TIJ^2)^1/2 + DJ) / 2 + PE
    Total System Jitter (TSJ):  0.070ns
    Total Input Jitter (TIJ):   0.000ns
    Discrete Jitter (DJ):       1.326ns
    Phase Error (PE):           0.150ns

  Maximum Data Path at Slow Process Corner: line_cnt_4 to FRAMES_15
    Location             Delay type         Delay(ns)  Physical Resource
                                                       Logical Resource(s)
    -------------------------------------------------  -------------------
    SLICE_X1Y39.AQ       Tcko                  0.391   line_cnt<7>
                                                       line_cnt_4
    SLICE_X6Y41.C1       net (fanout=8)        1.499   line_cnt<4>
    SLICE_X6Y41.C        Tilo                  0.205   _n3897_inv
                                                       old_vsync2_sfast_mode_en_AND_666_o
    SLICE_X6Y41.D5       net (fanout=17)       0.212   old_vsync2_sfast_mode_en_AND_666_o
    SLICE_X6Y41.D        Tilo                  0.205   _n3897_inv
                                                       _n3897_inv1
    SLICE_X5Y49.CE       net (fanout=4)        1.160   _n3897_inv
    SLICE_X5Y49.CLK      Tceck                 0.316   FRAMES<15>
                                                       FRAMES_15
    -------------------------------------------------  ---------------------------
    Total                                      3.988ns (1.117ns logic, 2.871ns route)
                                                       (28.0% logic, 72.0% route)

--------------------------------------------------------------------------------
Slack (setup path):     31.874ns (requirement - (data path - clock path skew + uncertainty))
  Source:               line_cnt_5 (FF)
  Destination:          FRAMES_15 (FF)
  Requirement:          38.462ns
  Data Path Delay:      3.932ns (Levels of Logic = 2)
  Clock Path Skew:      -1.807ns (1.516 - 3.323)
  Source Clock:         system_clk rising at 269.230ns
  Destination Clock:    nCLOCK_IBUFG_BUFG rising at 307.692ns
  Clock Uncertainty:    0.849ns

  Clock Uncertainty:          0.849ns  ((TSJ^2 + TIJ^2)^1/2 + DJ) / 2 + PE
    Total System Jitter (TSJ):  0.070ns
    Total Input Jitter (TIJ):   0.000ns
    Discrete Jitter (DJ):       1.326ns
    Phase Error (PE):           0.150ns

  Maximum Data Path at Slow Process Corner: line_cnt_5 to FRAMES_15
    Location             Delay type         Delay(ns)  Physical Resource
                                                       Logical Resource(s)
    -------------------------------------------------  -------------------
    SLICE_X1Y39.BQ       Tcko                  0.391   line_cnt<7>
                                                       line_cnt_5
    SLICE_X6Y41.C3       net (fanout=7)        1.443   line_cnt<5>
    SLICE_X6Y41.C        Tilo                  0.205   _n3897_inv
                                                       old_vsync2_sfast_mode_en_AND_666_o
    SLICE_X6Y41.D5       net (fanout=17)       0.212   old_vsync2_sfast_mode_en_AND_666_o
    SLICE_X6Y41.D        Tilo                  0.205   _n3897_inv
                                                       _n3897_inv1
    SLICE_X5Y49.CE       net (fanout=4)        1.160   _n3897_inv
    SLICE_X5Y49.CLK      Tceck                 0.316   FRAMES<15>
                                                       FRAMES_15
    -------------------------------------------------  ---------------------------
    Total                                      3.932ns (1.117ns logic, 2.815ns route)
                                                       (28.4% logic, 71.6% route)

--------------------------------------------------------------------------------

Hold Paths: TS_nCLOCK = PERIOD TIMEGRP "nCLOCK" 307.692 ns HIGH 50%;
--------------------------------------------------------------------------------

Paths for end point debug_rdy_delayed_1 (SLICE_X9Y41.BX), 1 path
--------------------------------------------------------------------------------
Slack (hold path):      0.402ns (requirement - (clock path skew + uncertainty - data path))
  Source:               debug_rdy_delayed_0 (FF)
  Destination:          debug_rdy_delayed_1 (FF)
  Requirement:          0.000ns
  Data Path Delay:      0.402ns (Levels of Logic = 0)
  Clock Path Skew:      0.000ns
  Source Clock:         nCLOCK_IBUFG_BUFG rising at 307.692ns
  Destination Clock:    nCLOCK_IBUFG_BUFG rising at 307.692ns
  Clock Uncertainty:    0.000ns

  Minimum Data Path at Fast Process Corner: debug_rdy_delayed_0 to debug_rdy_delayed_1
    Location             Delay type         Delay(ns)  Physical Resource
                                                       Logical Resource(s)
    -------------------------------------------------  -------------------
    SLICE_X9Y41.AQ       Tcko                  0.198   debug_rdy_delayed<3>
                                                       debug_rdy_delayed_0
    SLICE_X9Y41.BX       net (fanout=2)        0.145   debug_rdy_delayed<0>
    SLICE_X9Y41.CLK      Tckdi       (-Th)    -0.059   debug_rdy_delayed<3>
                                                       debug_rdy_delayed_1
    -------------------------------------------------  ---------------------------
    Total                                      0.402ns (0.257ns logic, 0.145ns route)
                                                       (63.9% logic, 36.1% route)

--------------------------------------------------------------------------------

Paths for end point trace_95_762 (SLICE_X18Y26.D6), 1 path
--------------------------------------------------------------------------------
Slack (hold path):      0.412ns (requirement - (clock path skew + uncertainty - data path))
  Source:               trace_95_762 (FF)
  Destination:          trace_95_762 (FF)
  Requirement:          0.000ns
  Data Path Delay:      0.412ns (Levels of Logic = 1)
  Clock Path Skew:      0.000ns
  Source Clock:         nCLOCK_IBUFG_BUFG rising at 307.692ns
  Destination Clock:    nCLOCK_IBUFG_BUFG rising at 307.692ns
  Clock Uncertainty:    0.000ns

  Minimum Data Path at Fast Process Corner: trace_95_762 to trace_95_762
    Location             Delay type         Delay(ns)  Physical Resource
                                                       Logical Resource(s)
    -------------------------------------------------  -------------------
    SLICE_X18Y26.DQ      Tcko                  0.200   trace_95<762>
                                                       trace_95_762
    SLICE_X18Y26.D6      net (fanout=2)        0.022   trace_95<762>
    SLICE_X18Y26.CLK     Tah         (-Th)    -0.190   trace_95<762>
                                                       trace[0][7]_Addr[15]_mux_464_OUT<762>1
                                                       trace_95_762
    -------------------------------------------------  ---------------------------
    Total                                      0.412ns (0.390ns logic, 0.022ns route)
                                                       (94.7% logic, 5.3% route)

--------------------------------------------------------------------------------

Paths for end point trace_95_262 (SLICE_X2Y6.A6), 1 path
--------------------------------------------------------------------------------
Slack (hold path):      0.413ns (requirement - (clock path skew + uncertainty - data path))
  Source:               trace_95_262 (FF)
  Destination:          trace_95_262 (FF)
  Requirement:          0.000ns
  Data Path Delay:      0.413ns (Levels of Logic = 1)
  Clock Path Skew:      0.000ns
  Source Clock:         nCLOCK_IBUFG_BUFG rising at 307.692ns
  Destination Clock:    nCLOCK_IBUFG_BUFG rising at 307.692ns
  Clock Uncertainty:    0.000ns

  Minimum Data Path at Fast Process Corner: trace_95_262 to trace_95_262
    Location             Delay type         Delay(ns)  Physical Resource
                                                       Logical Resource(s)
    -------------------------------------------------  -------------------
    SLICE_X2Y6.AQ        Tcko                  0.200   trace_95<263>
                                                       trace_95_262
    SLICE_X2Y6.A6        net (fanout=3)        0.023   trace_95<262>
    SLICE_X2Y6.CLK       Tah         (-Th)    -0.190   trace_95<263>
                                                       trace[0][7]_Addr[15]_mux_464_OUT<262>
                                                       trace_95_262
    -------------------------------------------------  ---------------------------
    Total                                      0.413ns (0.390ns logic, 0.023ns route)
                                                       (94.4% logic, 5.6% route)

--------------------------------------------------------------------------------

Component Switching Limit Checks: TS_nCLOCK = PERIOD TIMEGRP "nCLOCK" 307.692 ns HIGH 50%;
--------------------------------------------------------------------------------
Slack: 74.253ns (period - min period limit)
  Period: 76.923ns
  Min period limit: 2.670ns (374.532MHz) (Tdcmper_CLKFX)
  Physical resource: dcm_booster_inst/CLKFX
  Logical resource: dcm_booster_inst/CLKFX
  Location pin: DCM_X0Y2.CLKFX
  Clock network: clk_intermediate_13mhz
--------------------------------------------------------------------------------
Slack: 123.077ns (max period limit - period)
  Period: 76.923ns
  Max period limit: 200.000ns (5.000MHz) (Tdcmper_CLKFX)
  Physical resource: dcm_booster_inst/CLKFX
  Logical resource: dcm_booster_inst/CLKFX
  Location pin: DCM_X0Y2.CLKFX
  Clock network: clk_intermediate_13mhz
--------------------------------------------------------------------------------
Slack: 227.692ns (period - (min low pulse limit / (low pulse / period)))
  Period: 307.692ns
  Low pulse: 153.846ns
  Low pulse limit: 40.000ns (Tdcmpw_CLKIN_1_10)
  Physical resource: dcm_booster_inst/CLKIN
  Logical resource: dcm_booster_inst/CLKIN
  Location pin: DCM_X0Y2.CLKIN
  Clock network: dcm_booster_inst_ML_NEW_DIVCLK
--------------------------------------------------------------------------------

================================================================================
Timing constraint: TS_clk_intermediate_13mhz = PERIOD TIMEGRP 
"clk_intermediate_13mhz" TS_nCLOCK         / 4 HIGH 50%;
For more information, see Period Analysis in the Timing Closure User Guide (UG612).

 0 paths analyzed, 0 endpoints analyzed, 0 failing endpoints
 0 timing errors detected. (0 component switching limit errors)
 Minimum period is  32.000ns.
--------------------------------------------------------------------------------

Component Switching Limit Checks: TS_clk_intermediate_13mhz = PERIOD TIMEGRP "clk_intermediate_13mhz" TS_nCLOCK
        / 4 HIGH 50%;
--------------------------------------------------------------------------------
Slack: 35.791ns (period - min period limit)
  Period: 38.462ns
  Min period limit: 2.670ns (374.532MHz) (Tdcmper_CLKOUT)
  Physical resource: dcm_final_inst/dcm_sp_inst/CLK2X
  Logical resource: dcm_final_inst/dcm_sp_inst/CLK2X
  Location pin: DCM_X0Y1.CLK2X
  Clock network: dcm_final_inst/clk2x
--------------------------------------------------------------------------------
Slack: 44.923ns (period - (min low pulse limit / (low pulse / period)))
  Period: 76.923ns
  Low pulse: 38.461ns
  Low pulse limit: 16.000ns (Tdcmpw_CLKIN_10_25)
  Physical resource: dcm_final_inst/dcm_sp_inst/CLKIN
  Logical resource: dcm_final_inst/dcm_sp_inst/CLKIN
  Location pin: DCM_X0Y1.CLKIN
  Clock network: clk_intermediate_13mhz_BUFG
--------------------------------------------------------------------------------
Slack: 44.923ns (period - (min high pulse limit / (high pulse / period)))
  Period: 76.923ns
  High pulse: 38.461ns
  High pulse limit: 16.000ns (Tdcmpw_CLKIN_10_25)
  Physical resource: dcm_final_inst/dcm_sp_inst/CLKIN
  Logical resource: dcm_final_inst/dcm_sp_inst/CLKIN
  Location pin: DCM_X0Y1.CLKIN
  Clock network: clk_intermediate_13mhz_BUFG
--------------------------------------------------------------------------------

================================================================================
Timing constraint: TS_dcm_final_inst_clk2x = PERIOD TIMEGRP 
"dcm_final_inst_clk2x"         TS_clk_intermediate_13mhz / 2 HIGH 50%;
For more information, see Period Analysis in the Timing Closure User Guide (UG612).

 2729 paths analyzed, 1641 endpoints analyzed, 0 failing endpoints
 0 timing errors detected. (0 setup errors, 0 hold errors, 0 component switching limit errors)
 Minimum period is   8.457ns.
--------------------------------------------------------------------------------

Paths for end point shadowram/U0/xst_blk_mem_generator/gnativebmg.native_blk_mem_gen/valid.cstr/ramloop[7].ram.r/s6_noinit.ram/TRUE_DP.PRIM18.ram (RAMB16_X0Y30.ADDRA2), 1 path
--------------------------------------------------------------------------------
Slack (setup path):     30.004ns (requirement - (data path - clock path skew + uncertainty))
  Source:               line_cnt_2 (FF)
  Destination:          shadowram/U0/xst_blk_mem_generator/gnativebmg.native_blk_mem_gen/valid.cstr/ramloop[7].ram.r/s6_noinit.ram/TRUE_DP.PRIM18.ram (RAM)
  Requirement:          38.461ns
  Data Path Delay:      7.819ns (Levels of Logic = 1)
  Clock Path Skew:      0.061ns (0.622 - 0.561)
  Source Clock:         system_clk rising at 0.000ns
  Destination Clock:    system_clk rising at 38.461ns
  Clock Uncertainty:    0.699ns

  Clock Uncertainty:          0.699ns  ((TSJ^2 + TIJ^2)^1/2 + DJ) / 2 + PE
    Total System Jitter (TSJ):  0.070ns
    Total Input Jitter (TIJ):   0.000ns
    Discrete Jitter (DJ):       1.326ns
    Phase Error (PE):           0.000ns

  Maximum Data Path at Slow Process Corner: line_cnt_2 to shadowram/U0/xst_blk_mem_generator/gnativebmg.native_blk_mem_gen/valid.cstr/ramloop[7].ram.r/s6_noinit.ram/TRUE_DP.PRIM18.ram
    Location             Delay type         Delay(ns)  Physical Resource
                                                       Logical Resource(s)
    -------------------------------------------------  -------------------
    SLICE_X7Y39.CQ       Tcko                  0.391   line_cnt<3>
                                                       line_cnt_2
    SLICE_X23Y30.A4      net (fanout=19)       1.917   line_cnt<2>
    SLICE_X23Y30.A       Tilo                  0.259   shadowram_addr<2>
                                                       Mmux_shadowram_addr91
    RAMB16_X0Y30.ADDRA2  net (fanout=32)       4.902   shadowram_addr<2>
    RAMB16_X0Y30.CLKA    Trcck_ADDRA           0.350   shadowram/U0/xst_blk_mem_generator/gnativebmg.native_blk_mem_gen/valid.cstr/ramloop[7].ram.r/s6_noinit.ram/TRUE_DP.PRIM18.ram
                                                       shadowram/U0/xst_blk_mem_generator/gnativebmg.native_blk_mem_gen/valid.cstr/ramloop[7].ram.r/s6_noinit.ram/TRUE_DP.PRIM18.ram
    -------------------------------------------------  ---------------------------
    Total                                      7.819ns (1.000ns logic, 6.819ns route)
                                                       (12.8% logic, 87.2% route)

--------------------------------------------------------------------------------

Paths for end point shadowram/U0/xst_blk_mem_generator/gnativebmg.native_blk_mem_gen/valid.cstr/ramloop[29].ram.r/s6_noinit.ram/TRUE_DP.PRIM18.ram (RAMB16_X0Y0.ADDRA8), 1 path
--------------------------------------------------------------------------------
Slack (setup path):     30.154ns (requirement - (data path - clock path skew + uncertainty))
  Source:               char_latch_5 (FF)
  Destination:          shadowram/U0/xst_blk_mem_generator/gnativebmg.native_blk_mem_gen/valid.cstr/ramloop[29].ram.r/s6_noinit.ram/TRUE_DP.PRIM18.ram (RAM)
  Requirement:          38.461ns
  Data Path Delay:      7.629ns (Levels of Logic = 1)
  Clock Path Skew:      0.021ns (0.711 - 0.690)
  Source Clock:         system_clk rising at 0.000ns
  Destination Clock:    system_clk rising at 38.461ns
  Clock Uncertainty:    0.699ns

  Clock Uncertainty:          0.699ns  ((TSJ^2 + TIJ^2)^1/2 + DJ) / 2 + PE
    Total System Jitter (TSJ):  0.070ns
    Total Input Jitter (TIJ):   0.000ns
    Discrete Jitter (DJ):       1.326ns
    Phase Error (PE):           0.000ns

  Maximum Data Path at Slow Process Corner: char_latch_5 to shadowram/U0/xst_blk_mem_generator/gnativebmg.native_blk_mem_gen/valid.cstr/ramloop[29].ram.r/s6_noinit.ram/TRUE_DP.PRIM18.ram
    Location             Delay type         Delay(ns)  Physical Resource
                                                       Logical Resource(s)
    -------------------------------------------------  -------------------
    SLICE_X19Y50.BQ      Tcko                  0.391   char_latch<7>
                                                       char_latch_5
    SLICE_X19Y50.C1      net (fanout=2)        0.586   char_latch<5>
    SLICE_X19Y50.C       Tilo                  0.259   char_latch<7>
                                                       Mmux_shadowram_addr151
    RAMB16_X0Y0.ADDRA8   net (fanout=32)       6.043   shadowram_addr<8>
    RAMB16_X0Y0.CLKA     Trcck_ADDRA           0.350   shadowram/U0/xst_blk_mem_generator/gnativebmg.native_blk_mem_gen/valid.cstr/ramloop[29].ram.r/s6_noinit.ram/TRUE_DP.PRIM18.ram
                                                       shadowram/U0/xst_blk_mem_generator/gnativebmg.native_blk_mem_gen/valid.cstr/ramloop[29].ram.r/s6_noinit.ram/TRUE_DP.PRIM18.ram
    -------------------------------------------------  ---------------------------
    Total                                      7.629ns (1.000ns logic, 6.629ns route)
                                                       (13.1% logic, 86.9% route)

--------------------------------------------------------------------------------

Paths for end point shadowram/U0/xst_blk_mem_generator/gnativebmg.native_blk_mem_gen/valid.cstr/ramloop[5].ram.r/s6_noinit.ram/TRUE_DP.PRIM18.ram (RAMB16_X0Y28.ADDRA2), 1 path
--------------------------------------------------------------------------------
Slack (setup path):     30.372ns (requirement - (data path - clock path skew + uncertainty))
  Source:               line_cnt_2 (FF)
  Destination:          shadowram/U0/xst_blk_mem_generator/gnativebmg.native_blk_mem_gen/valid.cstr/ramloop[5].ram.r/s6_noinit.ram/TRUE_DP.PRIM18.ram (RAM)
  Requirement:          38.461ns
  Data Path Delay:      7.442ns (Levels of Logic = 1)
  Clock Path Skew:      0.052ns (0.613 - 0.561)
  Source Clock:         system_clk rising at 0.000ns
  Destination Clock:    system_clk rising at 38.461ns
  Clock Uncertainty:    0.699ns

  Clock Uncertainty:          0.699ns  ((TSJ^2 + TIJ^2)^1/2 + DJ) / 2 + PE
    Total System Jitter (TSJ):  0.070ns
    Total Input Jitter (TIJ):   0.000ns
    Discrete Jitter (DJ):       1.326ns
    Phase Error (PE):           0.000ns

  Maximum Data Path at Slow Process Corner: line_cnt_2 to shadowram/U0/xst_blk_mem_generator/gnativebmg.native_blk_mem_gen/valid.cstr/ramloop[5].ram.r/s6_noinit.ram/TRUE_DP.PRIM18.ram
    Location             Delay type         Delay(ns)  Physical Resource
                                                       Logical Resource(s)
    -------------------------------------------------  -------------------
    SLICE_X7Y39.CQ       Tcko                  0.391   line_cnt<3>
                                                       line_cnt_2
    SLICE_X23Y30.A4      net (fanout=19)       1.917   line_cnt<2>
    SLICE_X23Y30.A       Tilo                  0.259   shadowram_addr<2>
                                                       Mmux_shadowram_addr91
    RAMB16_X0Y28.ADDRA2  net (fanout=32)       4.525   shadowram_addr<2>
    RAMB16_X0Y28.CLKA    Trcck_ADDRA           0.350   shadowram/U0/xst_blk_mem_generator/gnativebmg.native_blk_mem_gen/valid.cstr/ramloop[5].ram.r/s6_noinit.ram/TRUE_DP.PRIM18.ram
                                                       shadowram/U0/xst_blk_mem_generator/gnativebmg.native_blk_mem_gen/valid.cstr/ramloop[5].ram.r/s6_noinit.ram/TRUE_DP.PRIM18.ram
    -------------------------------------------------  ---------------------------
    Total                                      7.442ns (1.000ns logic, 6.442ns route)
                                                       (13.4% logic, 86.6% route)

--------------------------------------------------------------------------------

Hold Paths: TS_dcm_final_inst_clk2x = PERIOD TIMEGRP "dcm_final_inst_clk2x"
        TS_clk_intermediate_13mhz / 2 HIGH 50%;
--------------------------------------------------------------------------------

Paths for end point aychips[0].ay/envelope_period_8 (SLICE_X2Y59.A6), 1 path
--------------------------------------------------------------------------------
Slack (hold path):      0.411ns (requirement - (clock path skew + uncertainty - data path))
  Source:               aychips[0].ay/envelope_period_8 (FF)
  Destination:          aychips[0].ay/envelope_period_8 (FF)
  Requirement:          0.000ns
  Data Path Delay:      0.411ns (Levels of Logic = 1)
  Clock Path Skew:      0.000ns
  Source Clock:         system_clk rising at 0.000ns
  Destination Clock:    system_clk rising at 0.000ns
  Clock Uncertainty:    0.000ns

  Minimum Data Path at Fast Process Corner: aychips[0].ay/envelope_period_8 to aychips[0].ay/envelope_period_8
    Location             Delay type         Delay(ns)  Physical Resource
                                                       Logical Resource(s)
    -------------------------------------------------  -------------------
    SLICE_X2Y59.AQ       Tcko                  0.200   aychips[0].ay/envelope_period<11>
                                                       aychips[0].ay/envelope_period_8
    SLICE_X2Y59.A6       net (fanout=2)        0.021   aychips[0].ay/envelope_period<8>
    SLICE_X2Y59.CLK      Tah         (-Th)    -0.190   aychips[0].ay/envelope_period<11>
                                                       aychips[0].ay/envelope_period_8_dpot
                                                       aychips[0].ay/envelope_period_8
    -------------------------------------------------  ---------------------------
    Total                                      0.411ns (0.390ns logic, 0.021ns route)
                                                       (94.9% logic, 5.1% route)

--------------------------------------------------------------------------------

Paths for end point aychips[0].ay/period_c_4 (SLICE_X2Y51.A6), 1 path
--------------------------------------------------------------------------------
Slack (hold path):      0.412ns (requirement - (clock path skew + uncertainty - data path))
  Source:               aychips[0].ay/period_c_4 (FF)
  Destination:          aychips[0].ay/period_c_4 (FF)
  Requirement:          0.000ns
  Data Path Delay:      0.412ns (Levels of Logic = 1)
  Clock Path Skew:      0.000ns
  Source Clock:         system_clk rising at 0.000ns
  Destination Clock:    system_clk rising at 0.000ns
  Clock Uncertainty:    0.000ns

  Minimum Data Path at Fast Process Corner: aychips[0].ay/period_c_4 to aychips[0].ay/period_c_4
    Location             Delay type         Delay(ns)  Physical Resource
                                                       Logical Resource(s)
    -------------------------------------------------  -------------------
    SLICE_X2Y51.AQ       Tcko                  0.200   aychips[0].ay/period_c<7>
                                                       aychips[0].ay/period_c_4
    SLICE_X2Y51.A6       net (fanout=2)        0.022   aychips[0].ay/period_c<4>
    SLICE_X2Y51.CLK      Tah         (-Th)    -0.190   aychips[0].ay/period_c<7>
                                                       aychips[0].ay/period_c_4_dpot
                                                       aychips[0].ay/period_c_4
    -------------------------------------------------  ---------------------------
    Total                                      0.412ns (0.390ns logic, 0.022ns route)
                                                       (94.7% logic, 5.3% route)

--------------------------------------------------------------------------------

Paths for end point aychips[0].ay/noise_period_4 (SLICE_X2Y53.A6), 1 path
--------------------------------------------------------------------------------
Slack (hold path):      0.412ns (requirement - (clock path skew + uncertainty - data path))
  Source:               aychips[0].ay/noise_period_4 (FF)
  Destination:          aychips[0].ay/noise_period_4 (FF)
  Requirement:          0.000ns
  Data Path Delay:      0.412ns (Levels of Logic = 1)
  Clock Path Skew:      0.000ns
  Source Clock:         system_clk rising at 0.000ns
  Destination Clock:    system_clk rising at 0.000ns
  Clock Uncertainty:    0.000ns

  Minimum Data Path at Fast Process Corner: aychips[0].ay/noise_period_4 to aychips[0].ay/noise_period_4
    Location             Delay type         Delay(ns)  Physical Resource
                                                       Logical Resource(s)
    -------------------------------------------------  -------------------
    SLICE_X2Y53.AQ       Tcko                  0.200   aychips[0].ay/noise_period<4>
                                                       aychips[0].ay/noise_period_4
    SLICE_X2Y53.A6       net (fanout=2)        0.022   aychips[0].ay/noise_period<4>
    SLICE_X2Y53.CLK      Tah         (-Th)    -0.190   aychips[0].ay/noise_period<4>
                                                       aychips[0].ay/noise_period_4_dpot
                                                       aychips[0].ay/noise_period_4
    -------------------------------------------------  ---------------------------
    Total                                      0.412ns (0.390ns logic, 0.022ns route)
                                                       (94.7% logic, 5.3% route)

--------------------------------------------------------------------------------

Component Switching Limit Checks: TS_dcm_final_inst_clk2x = PERIOD TIMEGRP "dcm_final_inst_clk2x"
        TS_clk_intermediate_13mhz / 2 HIGH 50%;
--------------------------------------------------------------------------------
Slack: 35.337ns (period - min period limit)
  Period: 38.461ns
  Min period limit: 3.124ns (320.102MHz) (Trper_CLKA(Fmax))
  Physical resource: shadowram/U0/xst_blk_mem_generator/gnativebmg.native_blk_mem_gen/valid.cstr/ramloop[0].ram.r/s6_noinit.ram/TRUE_DP.PRIM18.ram/CLKA
  Logical resource: shadowram/U0/xst_blk_mem_generator/gnativebmg.native_blk_mem_gen/valid.cstr/ramloop[0].ram.r/s6_noinit.ram/TRUE_DP.PRIM18.ram/CLKA
  Location pin: RAMB16_X0Y20.CLKA
  Clock network: system_clk
--------------------------------------------------------------------------------
Slack: 35.337ns (period - min period limit)
  Period: 38.461ns
  Min period limit: 3.124ns (320.102MHz) (Trper_CLKB(Fmax))
  Physical resource: shadowram/U0/xst_blk_mem_generator/gnativebmg.native_blk_mem_gen/valid.cstr/ramloop[0].ram.r/s6_noinit.ram/TRUE_DP.PRIM18.ram/CLKB
  Logical resource: shadowram/U0/xst_blk_mem_generator/gnativebmg.native_blk_mem_gen/valid.cstr/ramloop[0].ram.r/s6_noinit.ram/TRUE_DP.PRIM18.ram/CLKB
  Location pin: RAMB16_X0Y20.CLKB
  Clock network: system_clk
--------------------------------------------------------------------------------
Slack: 35.337ns (period - min period limit)
  Period: 38.461ns
  Min period limit: 3.124ns (320.102MHz) (Trper_CLKA(Fmax))
  Physical resource: shadowram/U0/xst_blk_mem_generator/gnativebmg.native_blk_mem_gen/valid.cstr/ramloop[1].ram.r/s6_noinit.ram/TRUE_DP.PRIM18.ram/CLKA
  Logical resource: shadowram/U0/xst_blk_mem_generator/gnativebmg.native_blk_mem_gen/valid.cstr/ramloop[1].ram.r/s6_noinit.ram/TRUE_DP.PRIM18.ram/CLKA
  Location pin: RAMB16_X0Y26.CLKA
  Clock network: system_clk
--------------------------------------------------------------------------------

================================================================================
Timing constraint: TS_TO_chroma_mode_reg_5_LD = MAXDELAY TO TIMEGRP 
"TO_chroma_mode_reg_5_LD"         TS_nCLOCK DATAPATHONLY;
For more information, see From:To (Multicycle) Analysis in the Timing Closure User Guide (UG612).

 1 path analyzed, 1 endpoint analyzed, 0 failing endpoints
 0 timing errors detected. (0 setup errors, 0 hold errors)
 Maximum delay is   5.045ns.
--------------------------------------------------------------------------------

Paths for end point chroma_mode_reg_5_LD (SLICE_X3Y42.CLK), 1 path
--------------------------------------------------------------------------------
Slack (slowest paths):  302.647ns (requirement - data path)
  Source:               nRESET (PAD)
  Destination:          chroma_mode_reg_5_LD (LATCH)
  Requirement:          307.692ns
  Data Path Delay:      5.045ns (Levels of Logic = 2)

  Maximum Data Path at Slow Process Corner: nRESET to chroma_mode_reg_5_LD
    Location             Delay type         Delay(ns)  Physical Resource
                                                       Logical Resource(s)
    -------------------------------------------------  -------------------
    P139.I               Tiopi                 1.364   nRESET
                                                       nRESET
                                                       nRESET_IBUF
                                                       ProtoComp143.IMUX.31
    SLICE_X2Y61.D4       net (fanout=34)       1.537   nRESET_IBUF
    SLICE_X2Y61.D        Tilo                  0.205   aychips[0].ay/rst_n_inv
                                                       aychips[0].ay/rst_n_inv1_INV_0
    SLICE_X3Y42.CLK      net (fanout=157)      1.939   aychips[0].ay/rst_n_inv
    -------------------------------------------------  ---------------------------
    Total                                      5.045ns (1.569ns logic, 3.476ns route)
                                                       (31.1% logic, 68.9% route)

--------------------------------------------------------------------------------
Hold Paths: TS_TO_chroma_mode_reg_5_LD = MAXDELAY TO TIMEGRP "TO_chroma_mode_reg_5_LD"         TS_nCLOCK DATAPATHONLY;
--------------------------------------------------------------------------------

Paths for end point chroma_mode_reg_5_LD (SLICE_X3Y42.CLK), 1 path
--------------------------------------------------------------------------------
Delay (fastest path):   2.899ns (data path)
  Source:               nRESET (PAD)
  Destination:          chroma_mode_reg_5_LD (LATCH)
  Data Path Delay:      2.899ns (Levels of Logic = 2)

  Minimum Data Path at Fast Process Corner: nRESET to chroma_mode_reg_5_LD
    Location             Delay type         Delay(ns)  Physical Resource
                                                       Logical Resource(s)
    -------------------------------------------------  -------------------
    P139.I               Tiopi                 0.589   nRESET
                                                       nRESET
                                                       nRESET_IBUF
                                                       ProtoComp143.IMUX.31
    SLICE_X2Y61.D4       net (fanout=34)       1.001   nRESET_IBUF
    SLICE_X2Y61.D        Tilo                  0.142   aychips[0].ay/rst_n_inv
                                                       aychips[0].ay/rst_n_inv1_INV_0
    SLICE_X3Y42.CLK      net (fanout=157)      1.167   aychips[0].ay/rst_n_inv
    -------------------------------------------------  ---------------------------
    Total                                      2.899ns (0.731ns logic, 2.168ns route)
                                                       (25.2% logic, 74.8% route)
--------------------------------------------------------------------------------

================================================================================
Timing constraint: TS_TO_border_ink_0_LD = MAXDELAY TO TIMEGRP 
"TO_border_ink_0_LD" TS_nCLOCK         DATAPATHONLY;
For more information, see From:To (Multicycle) Analysis in the Timing Closure User Guide (UG612).

 1 path analyzed, 1 endpoint analyzed, 0 failing endpoints
 0 timing errors detected. (0 setup errors, 0 hold errors)
 Maximum delay is   7.396ns.
--------------------------------------------------------------------------------

Paths for end point border_ink_0_LD (SLICE_X11Y27.CLK), 1 path
--------------------------------------------------------------------------------
Slack (slowest paths):  300.296ns (requirement - data path)
  Source:               nRESET (PAD)
  Destination:          border_ink_0_LD (LATCH)
  Requirement:          307.692ns
  Data Path Delay:      7.396ns (Levels of Logic = 2)

  Maximum Data Path at Slow Process Corner: nRESET to border_ink_0_LD
    Location             Delay type         Delay(ns)  Physical Resource
                                                       Logical Resource(s)
    -------------------------------------------------  -------------------
    P139.I               Tiopi                 1.364   nRESET
                                                       nRESET
                                                       nRESET_IBUF
                                                       ProtoComp143.IMUX.31
    SLICE_X2Y61.D4       net (fanout=34)       1.537   nRESET_IBUF
    SLICE_X2Y61.D        Tilo                  0.205   aychips[0].ay/rst_n_inv
                                                       aychips[0].ay/rst_n_inv1_INV_0
    SLICE_X11Y27.CLK     net (fanout=157)      4.290   aychips[0].ay/rst_n_inv
    -------------------------------------------------  ---------------------------
    Total                                      7.396ns (1.569ns logic, 5.827ns route)
                                                       (21.2% logic, 78.8% route)

--------------------------------------------------------------------------------
Hold Paths: TS_TO_border_ink_0_LD = MAXDELAY TO TIMEGRP "TO_border_ink_0_LD" TS_nCLOCK         DATAPATHONLY;
--------------------------------------------------------------------------------

Paths for end point border_ink_0_LD (SLICE_X11Y27.CLK), 1 path
--------------------------------------------------------------------------------
Delay (fastest path):   4.415ns (data path)
  Source:               nRESET (PAD)
  Destination:          border_ink_0_LD (LATCH)
  Data Path Delay:      4.415ns (Levels of Logic = 2)

  Minimum Data Path at Fast Process Corner: nRESET to border_ink_0_LD
    Location             Delay type         Delay(ns)  Physical Resource
                                                       Logical Resource(s)
    -------------------------------------------------  -------------------
    P139.I               Tiopi                 0.589   nRESET
                                                       nRESET
                                                       nRESET_IBUF
                                                       ProtoComp143.IMUX.31
    SLICE_X2Y61.D4       net (fanout=34)       1.001   nRESET_IBUF
    SLICE_X2Y61.D        Tilo                  0.142   aychips[0].ay/rst_n_inv
                                                       aychips[0].ay/rst_n_inv1_INV_0
    SLICE_X11Y27.CLK     net (fanout=157)      2.683   aychips[0].ay/rst_n_inv
    -------------------------------------------------  ---------------------------
    Total                                      4.415ns (0.731ns logic, 3.684ns route)
                                                       (16.6% logic, 83.4% route)
--------------------------------------------------------------------------------


Derived Constraint Report
Derived Constraints for TS_nCLOCK
+-------------------------------+-------------+-------------+-------------+-------------+-------------+-------------+-------------+
|                               |   Period    |       Actual Period       |      Timing Errors        |      Paths Analyzed       |
|           Constraint          | Requirement |-------------+-------------|-------------+-------------|-------------+-------------|
|                               |             |   Direct    | Derivative  |   Direct    | Derivative  |   Direct    | Derivative  |
+-------------------------------+-------------+-------------+-------------+-------------+-------------+-------------+-------------+
|TS_nCLOCK                      |    307.692ns|     80.000ns|    128.000ns|            0|            0|        20282|         2731|
| TS_clk_intermediate_13mhz     |     76.923ns|     32.000ns|     16.914ns|            0|            0|            0|         2729|
|  TS_dcm_final_inst_clk2x      |     38.462ns|      8.457ns|          N/A|            0|            0|         2729|            0|
| TS_TO_chroma_mode_reg_5_LD    |    307.692ns|      5.045ns|          N/A|            0|            0|            1|            0|
| TS_TO_border_ink_0_LD         |    307.692ns|      7.396ns|          N/A|            0|            0|            1|            0|
+-------------------------------+-------------+-------------+-------------+-------------+-------------+-------------+-------------+

All constraints were met.


Data Sheet report:
-----------------
All values displayed in nanoseconds (ns)

Clock to Setup on destination clock nCLOCK
---------------+---------+---------+---------+---------+
               | Src:Rise| Src:Fall| Src:Rise| Src:Fall|
Source Clock   |Dest:Rise|Dest:Rise|Dest:Fall|Dest:Fall|
---------------+---------+---------+---------+---------+
nCLOCK         |   10.190|         |         |         |
---------------+---------+---------+---------+---------+


Timing summary:
---------------

Timing errors: 0  Score: 0  (Setup/Max: 0, Hold: 0)

Constraints cover 23013 paths, 0 nets, and 9443 connections

Design statistics:
   Minimum period:  80.000ns{1}   (Maximum frequency:  12.500MHz)
   Maximum path delay from/to any node:   7.396ns


------------------------------------Footnotes-----------------------------------
1)  The minimum period statistic assumes all single cycle delays.

Analysis completed Thu Oct 16 17:08:19 2025 
--------------------------------------------------------------------------------

Trace Settings:
-------------------------
Trace Settings 

Peak Memory Usage: 440 MB



